Archive member included to satisfy reference by file (symbol)

E:/STM32CubeIDE_2.0.0/STM32CubeIDE/plugins/com.st.stm32cube.ide.mcu.externaltools.gnu-tools-for-stm32.13.3.rel1.win32_1.0.100.202509120712/tools/bin/../lib/gcc/arm-none-eabi/13.3.1/../../../../arm-none-eabi/lib/thumb/v7e-m+fp/hard\libc_nano.a(libc_a-exit.o)
                              E:/STM32CubeIDE_2.0.0/STM32CubeIDE/plugins/com.st.stm32cube.ide.mcu.externaltools.gnu-tools-for-stm32.13.3.rel1.win32_1.0.100.202509120712/tools/bin/../lib/gcc/arm-none-eabi/13.3.1/../../../../arm-none-eabi/lib/thumb/v7e-m+fp/hard/crt0.o (exit)
E:/STM32CubeIDE_2.0.0/STM32CubeIDE/plugins/com.st.stm32cube.ide.mcu.externaltools.gnu-tools-for-stm32.13.3.rel1.win32_1.0.100.202509120712/tools/bin/../lib/gcc/arm-none-eabi/13.3.1/../../../../arm-none-eabi/lib/thumb/v7e-m+fp/hard\libc_nano.a(libc_a-nano-vfprintf_float.o)
                              (_printf_float)
E:/STM32CubeIDE_2.0.0/STM32CubeIDE/plugins/com.st.stm32cube.ide.mcu.externaltools.gnu-tools-for-stm32.13.3.rel1.win32_1.0.100.202509120712/tools/bin/../lib/gcc/arm-none-eabi/13.3.1/../../../../arm-none-eabi/lib/thumb/v7e-m+fp/hard\libc_nano.a(libc_a-nano-vfprintf_i.o)
                              E:/STM32CubeIDE_2.0.0/STM32CubeIDE/plugins/com.st.stm32cube.ide.mcu.externaltools.gnu-tools-for-stm32.13.3.rel1.win32_1.0.100.202509120712/tools/bin/../lib/gcc/arm-none-eabi/13.3.1/../../../../arm-none-eabi/lib/thumb/v7e-m+fp/hard\libc_nano.a(libc_a-nano-vfprintf_float.o) (_printf_common)
E:/STM32CubeIDE_2.0.0/STM32CubeIDE/plugins/com.st.stm32cube.ide.mcu.externaltools.gnu-tools-for-stm32.13.3.rel1.win32_1.0.100.202509120712/tools/bin/../lib/gcc/arm-none-eabi/13.3.1/../../../../arm-none-eabi/lib/thumb/v7e-m+fp/hard\libc_nano.a(libc_a-nano-vfscanf_float.o)
                              (_scanf_float)
E:/STM32CubeIDE_2.0.0/STM32CubeIDE/plugins/com.st.stm32cube.ide.mcu.externaltools.gnu-tools-for-stm32.13.3.rel1.win32_1.0.100.202509120712/tools/bin/../lib/gcc/arm-none-eabi/13.3.1/../../../../arm-none-eabi/lib/thumb/v7e-m+fp/hard\libc_nano.a(libc_a-findfp.o)
                              ./Middlewares/Third_Party/FreeRTOS/Source/tasks.o (__sf)
E:/STM32CubeIDE_2.0.0/STM32CubeIDE/plugins/com.st.stm32cube.ide.mcu.externaltools.gnu-tools-for-stm32.13.3.rel1.win32_1.0.100.202509120712/tools/bin/../lib/gcc/arm-none-eabi/13.3.1/../../../../arm-none-eabi/lib/thumb/v7e-m+fp/hard\libc_nano.a(libc_a-fwalk.o)
                              E:/STM32CubeIDE_2.0.0/STM32CubeIDE/plugins/com.st.stm32cube.ide.mcu.externaltools.gnu-tools-for-stm32.13.3.rel1.win32_1.0.100.202509120712/tools/bin/../lib/gcc/arm-none-eabi/13.3.1/../../../../arm-none-eabi/lib/thumb/v7e-m+fp/hard\libc_nano.a(libc_a-findfp.o) (_fwalk_sglue)
E:/STM32CubeIDE_2.0.0/STM32CubeIDE/plugins/com.st.stm32cube.ide.mcu.externaltools.gnu-tools-for-stm32.13.3.rel1.win32_1.0.100.202509120712/tools/bin/../lib/gcc/arm-none-eabi/13.3.1/../../../../arm-none-eabi/lib/thumb/v7e-m+fp/hard\libc_nano.a(libc_a-printf.o)
                              ./Core/Src/MPU6050_formatted.o (printf)
E:/STM32CubeIDE_2.0.0/STM32CubeIDE/plugins/com.st.stm32cube.ide.mcu.externaltools.gnu-tools-for-stm32.13.3.rel1.win32_1.0.100.202509120712/tools/bin/../lib/gcc/arm-none-eabi/13.3.1/../../../../arm-none-eabi/lib/thumb/v7e-m+fp/hard\libc_nano.a(libc_a-puts.o)
                              ./Core/Src/MPU6050_formatted.o (puts)
E:/STM32CubeIDE_2.0.0/STM32CubeIDE/plugins/com.st.stm32cube.ide.mcu.externaltools.gnu-tools-for-stm32.13.3.rel1.win32_1.0.100.202509120712/tools/bin/../lib/gcc/arm-none-eabi/13.3.1/../../../../arm-none-eabi/lib/thumb/v7e-m+fp/hard\libc_nano.a(libc_a-sprintf.o)
                              E:/STM32CubeIDE_2.0.0/STM32CubeIDE/plugins/com.st.stm32cube.ide.mcu.externaltools.gnu-tools-for-stm32.13.3.rel1.win32_1.0.100.202509120712/tools/bin/../lib/gcc/arm-none-eabi/13.3.1/../../../../arm-none-eabi/lib/thumb/v7e-m+fp/hard\libc_nano.a(libc_a-nano-vfscanf_float.o) (sprintf)
E:/STM32CubeIDE_2.0.0/STM32CubeIDE/plugins/com.st.stm32cube.ide.mcu.externaltools.gnu-tools-for-stm32.13.3.rel1.win32_1.0.100.202509120712/tools/bin/../lib/gcc/arm-none-eabi/13.3.1/../../../../arm-none-eabi/lib/thumb/v7e-m+fp/hard\libc_nano.a(libc_a-stdio.o)
                              E:/STM32CubeIDE_2.0.0/STM32CubeIDE/plugins/com.st.stm32cube.ide.mcu.externaltools.gnu-tools-for-stm32.13.3.rel1.win32_1.0.100.202509120712/tools/bin/../lib/gcc/arm-none-eabi/13.3.1/../../../../arm-none-eabi/lib/thumb/v7e-m+fp/hard\libc_nano.a(libc_a-findfp.o) (__sread)
E:/STM32CubeIDE_2.0.0/STM32CubeIDE/plugins/com.st.stm32cube.ide.mcu.externaltools.gnu-tools-for-stm32.13.3.rel1.win32_1.0.100.202509120712/tools/bin/../lib/gcc/arm-none-eabi/13.3.1/../../../../arm-none-eabi/lib/thumb/v7e-m+fp/hard\libc_nano.a(libc_a-wbuf.o)
[...]
Memory Configuration

Name             Origin             Length             Attributes
CCMRAM           0x10000000         0x00010000         xrw
RAM              0x20000000         0x00020000         xrw
FLASH            0x08000000         0x00100000         xr
*default*        0x00000000         0xffffffff

Linker script and memory map

LOAD E:/STM32CubeIDE_2.0.0/STM32CubeIDE/plugins/com.st.stm32cube.ide.mcu.externaltools.gnu-tools-for-stm32.13.3.rel1.win32_1.0.100.202509120712/tools/bin/../lib/gcc/arm-none-eabi/13.3.1/thumb/v7e-m+fp/hard/crti.o
LOAD E:/STM32CubeIDE_2.0.0/STM32CubeIDE/plugins/com.st.stm32cube.ide.mcu.externaltools.gnu-tools-for-stm32.13.3.rel1.win32_1.0.100.202509120712/tools/bin/../lib/gcc/arm-none-eabi/13.3.1/thumb/v7e-m+fp/hard/crtbegin.o
LOAD E:/STM32CubeIDE_2.0.0/STM32CubeIDE/plugins/com.st.stm32cube.ide.mcu.externaltools.gnu-tools-for-stm32.13.3.rel1.win32_1.0.100.202509120712/tools/bin/../lib/gcc/arm-none-eabi/13.3.1/../../../../arm-none-eabi/lib/thumb/v7e-m+fp/hard/crt0.o
LOAD ./Core/Src/AHT21.o
LOAD ./Core/Src/MPU6050_formatted.o
LOAD ./Core/Src/alert.o
LOAD ./Core/Src/freertos.o
LOAD ./Core/Src/main.o
LOAD ./Core/Src/max30102.o
LOAD ./Core/Src/max30102_processing.o
LOAD ./Core/Src/protocol.o
LOAD ./Core/Src/stm32f4xx_hal_msp.o
LOAD ./Core/Src/stm32f4xx_hal_timebase_tim.o
LOAD ./Core/Src/stm32f4xx_it.o
LOAD ./Core/Src/syscalls.o
LOAD ./Core/Src/sysmem.o
LOAD ./Core/Src/system_stm32f4xx.o
LOAD ./Core/Startup/startup_stm32f407vgtx.o
LOAD ./Drivers/STM32F4xx_HAL_Driver/Src/stm32f4xx_hal.o
LOAD ./Drivers/STM32F4xx_HAL_Driver/Src/stm32f4xx_hal_cortex.o
LOAD ./Drivers/STM32F4xx_HAL_Driver/Src/stm32f4xx_hal_dma.o
LOAD ./Drivers/STM32F4xx_HAL_Driver/Src/stm32f4xx_hal_dma_ex.o
LOAD ./Drivers/STM32F4xx_HAL_Driver/Src/stm32f4xx_hal_exti.o
LOAD ./Drivers/STM32F4xx_HAL_Driver/Src/stm32f4xx_hal_flash.o
LOAD ./Drivers/STM32F4xx_HAL_Driver/Src/stm32f4xx_hal_flash_ex.o
LOAD ./Drivers/STM32F4xx_HAL_Driver/Src/stm32f4xx_hal_flash_ramfunc.o
LOAD ./Drivers/STM32F4xx_HAL_Driver/Src/stm32f4xx_hal_gpio.o
LOAD ./Drivers/STM32F4xx_HAL_Driver/Src/stm32f4xx_hal_i2c.o
LOAD ./Drivers/STM32F4xx_HAL_Driver/Src/stm32f4xx_hal_i2c_ex.o
LOAD ./Drivers/STM32F4xx_HAL_Driver/Src/stm32f4xx_hal_pwr.o
LOAD ./Drivers/STM32F4xx_HAL_Driver/Src/stm32f4xx_hal_pwr_ex.o
LOAD ./Drivers/STM32F4xx_HAL_Driver/Src/stm32f4xx_hal_rcc.o
LOAD ./Drivers/STM32F4xx_HAL_Driver/Src/stm32f4xx_hal_rcc_ex.o
LOAD ./Drivers/STM32F4xx_HAL_Driver/Src/stm32f4xx_hal_tim.o
LOAD ./Drivers/STM32F4xx_HAL_Driver/Src/stm32f4xx_hal_tim_ex.o
LOAD ./Drivers/STM32F4xx_HAL_Driver/Src/stm32f4xx_hal_uart.o
LOAD ./Middlewares/Third_Party/FreeRTOS/Source/CMSIS_RTOS_V2/cmsis_os2.o
LOAD ./Middlewares/Third_Party/FreeRTOS/Source/croutine.o
LOAD ./Middlewares/Third_Party/FreeRTOS/Source/event_groups.o
LOAD ./Middlewares/Third_Party/FreeRTOS/Source/list.o
LOAD ./Middlewares/Third_Party/FreeRTOS/Source/queue.o
LOAD ./Middlewares/Third_Party/FreeRTOS/Source/stream_buffer.o
LOAD ./Middlewares/Third_Party/FreeRTOS/Source/tasks.o
LOAD ./Middlewares/Third_Party/FreeRTOS/Source/timers.o
LOAD ./Middlewares/Third_Party/FreeRTOS/Source/portable/GCC/ARM_CM4F/port.o
LOAD ./Middlewares/Third_Party/FreeRTOS/Source/portable/MemMang/heap_4.o
START GROUP
LOAD E:/STM32CubeIDE_2.0.0/STM32CubeIDE/plugins/com.st.stm32cube.ide.mcu.externaltools.gnu-tools-for-stm32.13.3.rel1.win32_1.0.100.202509120712/tools/bin/../lib/gcc/arm-none-eabi/13.3.1/../../../../arm-none-eabi/lib/thumb/v7e-m+fp/hard\libc_nano.a
LOAD E:/STM32CubeIDE_2.0.0/STM32CubeIDE/plugins/com.st.stm32cube.ide.mcu.externaltools.gnu-tools-for-stm32.13.3.rel1.win32_1.0.100.202509120712/tools/bin/../lib/gcc/arm-none-eabi/13.3.1/../../../../arm-none-eabi/lib/thumb/v7e-m+fp/hard\libm.a
END GROUP
START GROUP
LOAD E:/STM32CubeIDE_2.0.0/STM32CubeIDE/plugins/com.st.stm32cube.ide.mcu.externaltools.gnu-tools-for-stm32.13.3.rel1.win32_1.0.100.202509120712/tools/bin/../lib/gcc/arm-none-eabi/13.3.1/thumb/v7e-m+fp/hard\libgcc.a
LOAD E:/STM32CubeIDE_2.0.0/STM32CubeIDE/plugins/com.st.stm32cube.ide.mcu.externaltools.gnu-tools-for-stm32.13.3.rel1.win32_1.0.100.202509120712/tools/bin/../lib/gcc/arm-none-eabi/13.3.1/../../../../arm-none-eabi/lib/thumb/v7e-m+fp/hard\libc_nano.a
END GROUP
START GROUP
LOAD E:/STM32CubeIDE_2.0.0/STM32CubeIDE/plugins/com.st.stm32cube.ide.mcu.externaltools.gnu-tools-for-stm32.13.3.rel1.win32_1.0.100.202509120712/tools/bin/../lib/gcc/arm-none-eabi/13.3.1/thumb/v7e-m+fp/hard\libgcc.a
LOAD E:/STM32CubeIDE_2.0.0/STM32CubeIDE/plugins/com.st.stm32cube.ide.mcu.externaltools.gnu-tools-for-stm32.13.3.rel1.win32_1.0.100.202509120712/tools/bin/../lib/gcc/arm-none-eabi/13.3.1/../../../../arm-none-eabi/lib/thumb/v7e-m+fp/hard\libc_nano.a
LOAD E:/STM32CubeIDE_2.0.0/STM32CubeIDE/plugins/com.st.stm32cube.ide.mcu.externaltools.gnu-tools-for-stm32.13.3.rel1.win32_1.0.100.202509120712/tools/bin/../lib/gcc/arm-none-eabi/13.3.1/../../../../arm-none-eabi/lib/thumb/v7e-m+fp/hard\libnosys.a
END GROUP
START GROUP
LOAD E:/STM32CubeIDE_2.0.0/STM32CubeIDE/plugins/com.st.stm32cube.ide.mcu.externaltools.gnu-tools-for-stm32.13.3.rel1.win32_1.0.100.202509120712/tools/bin/../lib/gcc/arm-none-eabi/13.3.1/thumb/v7e-m+fp/hard\libgcc.a
LOAD E:/STM32CubeIDE_2.0.0/STM32CubeIDE/plugins/com.st.stm32cube.ide.mcu.externaltools.gnu-tools-for-stm32.13.3.rel1.win32_1.0.100.202509120712/tools/bin/../lib/gcc/arm-none-eabi/13.3.1/../../../../arm-none-eabi/lib/thumb/v7e-m+fp/hard\libc_nano.a
LOAD E:/STM32CubeIDE_2.0.0/STM32CubeIDE/plugins/com.st.stm32cube.ide.mcu.externaltools.gnu-tools-for-stm32.13.3.rel1.win32_1.0.100.202509120712/tools/bin/../lib/gcc/arm-none-eabi/13.3.1/../../../../arm-none-eabi/lib/thumb/v7e-m+fp/hard\libnosys.a
END GROUP
LOAD E:/STM32CubeIDE_2.0.0/STM32CubeIDE/plugins/com.st.stm32cube.ide.mcu.externaltools.gnu-tools-for-stm32.13.3.rel1.win32_1.0.100.202509120712/tools/bin/../lib/gcc/arm-none-eabi/13.3.1/thumb/v7e-m+fp/hard/crtend.o
LOAD E:/STM32CubeIDE_2.0.0/STM32CubeIDE/plugins/com.st.stm32cube.ide.mcu.externaltools.gnu-tools-for-stm32.13.3.rel1.win32_1.0.100.202509120712/tools/bin/../lib/gcc/arm-none-eabi/13.3.1/thumb/v7e-m+fp/hard/crtn.o
                0x20020000                        _estack = (ORIGIN (RAM) + LENGTH (RAM))
                0x00000200                        _Min_Heap_Size = 0x200
                0x00000400                        _Min_Stack_Size = 0x400

.isr_vector     0x08000000      0x188
                0x08000000                        . = ALIGN (0x4)
 *(.isr_vector)
 .isr_vector    0x08000000      0x188 ./Core/Startup/startup_stm32f407vgtx.o
                0x08000000                g_pfnVectors
                0x08000188                        . = ALIGN (0x4)

.text           0x08000190     0xf040
                0x08000190                        . = ALIGN (0x4)
 *(.text)
 .text          0x08000190       0x40 E:/STM32CubeIDE_2.0.0/STM32CubeIDE/plugins/com.st.stm32cube.ide.mcu.externaltools.gnu-tools-for-stm32.13.3.rel1.win32_1.0.100.202509120712/tools/bin/../lib/gcc/arm-none-eabi/13.3.1/thumb/v7e-m+fp/hard/crtbegin.o
 .text          0x080001d0       0xa0 E:/STM32CubeIDE_2.0.0/STM32CubeIDE/plugins/com.st.stm32cube.ide.mcu.externaltools.gnu-tools-for-stm32.13.3.rel1.win32_1.0.100.202509120712/tools/bin/../lib/gcc/arm-none-eabi/13.3.1/../../../../arm-none-eabi/lib/thumb/v7e-m+fp/hard\libc_nano.a(libc_a-memchr.o)
                0x080001d0                memchr
 .text          0x08000270       0x10 E:/STM32CubeIDE_2.0.0/STM32CubeIDE/plugins/com.st.stm32cube.ide.mcu.externaltools.gnu-tools-for-stm32.13.3.rel1.win32_1.0.100.202509120712/tools/bin/../lib/gcc/arm-none-eabi/13.3.1/../../../../arm-none-eabi/lib/thumb/v7e-m+fp/hard\libc_nano.a(libc_a-strlen.o)
                0x08000270                strlen
 .text          0x08000280      0x378 E:/STM32CubeIDE_2.0.0/STM32CubeIDE/plugins/com.st.stm32cube.ide.mcu.externaltools.gnu-tools-for-stm32.13.3.rel1.win32_1.0.100.202509120712/tools/bin/../lib/gcc/arm-none-eabi/13.3.1/thumb/v7e-m+fp/hard\libgcc.a(_arm_addsubdf3.o)
                0x08000280                __aeabi_drsub
                0x08000288                __aeabi_dsub
                0x08000288                __subdf3
                0x0800028c                __aeabi_dadd
                0x0800028c                __adddf3
                0x08000504                __floatunsidf
                0x08000504                __aeabi_ui2d
                0x08000524                __floatsidf
                0x08000524                __aeabi_i2d
                0x08000548                __aeabi_f2d
                0x08000548                __extendsfdf2
                0x0800058c                __floatundidf
                0x0800058c                __aeabi_ul2d
                0x0800059c                __floatdidf
                0x0800059c                __aeabi_l2d
 .text          0x080005f8      0x424 E:/STM32CubeIDE_2.0.0/STM32CubeIDE/plugins/com.st.stm32cube.ide.mcu.externaltools.gnu-tools-for-stm32.13.3.rel1.win32_1.0.100.202509120712/tools/bin/../lib/gcc/arm-none-eabi/13.3.1/thumb/v7e-m+fp/hard\libgcc.a(_arm_muldivdf3.o)
                0x080005f8                __aeabi_dmul
                0x080005f8                __muldf3
                0x0800084c                __divdf3
                0x0800084c                __aeabi_ddiv
 .text          0x08000a1c      0x110 E:/STM32CubeIDE_2.0.0/STM32CubeIDE/plugins/com.st.stm32cube.ide.mcu.externaltools.gnu-tools-for-stm32.13.3.rel1.win32_1.0.100.202509120712/tools/bin/../lib/gcc/arm-none-eabi/13.3.1/thumb/v7e-m+fp/hard\libgcc.a(_arm_cmpdf2.o)
                0x08000a1c                __gtdf2
                0x08000a1c                __gedf2
                0x08000a24                __ltdf2
                0x08000a24                __ledf2
                0x08000a2c                __nedf2
                0x08000a2c                __eqdf2
                0x08000a2c                __cmpdf2
                0x08000aa8                __aeabi_cdrcmple
                0x08000ab8                __aeabi_cdcmpeq
                0x08000ab8                __aeabi_cdcmple
                0x08000ac8                __aeabi_dcmpeq
                0x08000adc                __aeabi_dcmplt
                0x08000af0                __aeabi_dcmple
                0x08000b04                __aeabi_dcmpge
                0x08000b18                __aeabi_dcmpgt
 .text          0x08000b2c       0x2c E:/STM32CubeIDE_2.0.0/STM32CubeIDE/plugins/com.st.stm32cube.ide.mcu.externaltools.gnu-tools-for-stm32.13.3.rel1.win32_1.0.100.202509120712/tools/bin/../lib/gcc/arm-none-eabi/13.3.1/thumb/v7e-m+fp/hard\libgcc.a(_arm_unorddf2.o)
                0x08000b2c                __unorddf2
                0x08000b2c                __aeabi_dcmpun
 .text          0x08000b58       0x50 E:/STM32CubeIDE_2.0.0/STM32CubeIDE/plugins/com.st.stm32cube.ide.mcu.externaltools.gnu-tools-for-stm32.13.3.rel1.win32_1.0.100.202509120712/tools/bin/../lib/gcc/arm-none-eabi/13.3.1/thumb/v7e-m+fp/hard\libgcc.a(_arm_fixdfsi.o)
                0x08000b58                __aeabi_d2iz
                0x08000b58                __fixdfsi
 .text          0x08000ba8       0x40 E:/STM32CubeIDE_2.0.0/STM32CubeIDE/plugins/com.st.stm32cube.ide.mcu.externaltools.gnu-tools-for-stm32.13.3.rel1.win32_1.0.100.202509120712/tools/bin/../lib/gcc/arm-none-eabi/13.3.1/thumb/v7e-m+fp/hard\libgcc.a(_arm_fixunsdfsi.o)
                0x08000ba8                __aeabi_d2uiz
                0x08000ba8                __fixunsdfsi
 .text          0x08000be8       0xa0 E:/STM32CubeIDE_2.0.0/STM32CubeIDE/plugins/com.st.stm32cube.ide.mcu.externaltools.gnu-tools-for-stm32.13.3.rel1.win32_1.0.100.202509120712/tools/bin/../lib/gcc/arm-none-eabi/13.3.1/thumb/v7e-m+fp/hard\libgcc.a(_arm_truncdfsf2.o)
                0x08000be8                __truncdfsf2
                0x08000be8                __aeabi_d2f
 .text          0x08000c88       0x30 E:/STM32CubeIDE_2.0.0/STM32CubeIDE/plugins/com.st.stm32cube.ide.mcu.externaltools.gnu-tools-for-stm32.13.3.rel1.win32_1.0.100.202509120712/tools/bin/../lib/gcc/arm-none-eabi/13.3.1/thumb/v7e-m+fp/hard\libgcc.a(_aeabi_uldivmod.o)
                0x08000c88                __aeabi_uldivmod
 .text          0x08000cb8       0x30 E:/STM32CubeIDE_2.0.0/STM32CubeIDE/plugins/com.st.stm32cube.ide.mcu.externaltools.gnu-tools-for-stm32.13.3.rel1.win32_1.0.100.202509120712/tools/bin/../lib/gcc/arm-none-eabi/13.3.1/thumb/v7e-m+fp/hard\libgcc.a(_fixdfdi.o)
                0x08000cb8                __fixdfdi
                0x08000cb8                __aeabi_d2lz
 .text          0x08000ce8       0x3c E:/STM32CubeIDE_2.0.0/STM32CubeIDE/plugins/com.st.stm32cube.ide.mcu.externaltools.gnu-tools-for-stm32.13.3.rel1.win32_1.0.100.202509120712/tools/bin/../lib/gcc/arm-none-eabi/13.3.1/thumb/v7e-m+fp/hard\libgcc.a(_fixunsdfdi.o)
                0x08000ce8                __fixunsdfdi
                0x08000ce8                __aeabi_d2ulz
 .text          0x08000d24      0x2f8 E:/STM32CubeIDE_2.0.0/STM32CubeIDE/plugins/com.st.stm32cube.ide.mcu.externaltools.gnu-tools-for-stm32.13.3.rel1.win32_1.0.100.202509120712/tools/bin/../lib/gcc/arm-none-eabi/13.3.1/thumb/v7e-m+fp/hard\libgcc.a(_udivmoddi4.o)
                0x08000d24                __udivmoddi4
 .text          0x0800101c        0x4 E:/STM32CubeIDE_2.0.0/STM32CubeIDE/plugins/com.st.stm32cube.ide.mcu.externaltools.gnu-tools-for-stm32.13.3.rel1.win32_1.0.100.202509120712/tools/bin/../lib/gcc/arm-none-eabi/13.3.1/thumb/v7e-m+fp/hard\libgcc.a(_dvmd_tls.o)
                0x0800101c                __aeabi_idiv0
                0x0800101c                __aeabi_ldiv0
 *(.text*)
 .text.AHT21_Write
                0x08001020       0x48 ./Core/Src/AHT21.o
 .text.AHT21_Read
                0x08001068       0x48 ./Core/Src/AHT21.o
 .text.AHT21_Init
                0x080010b0       0x8c ./Core/Src/AHT21.o
                0x080010b0                AHT21_Init
 .text.AHT21_TriggerMeasurement
                0x0800113c       0x30 ./Core/Src/AHT21.o
 .text.AHT21_Read6
                0x0800116c       0x1a ./Core/Src/AHT21.o
 .text.AHT21_Read_Humidity
                0x08001186       0x62 ./Core/Src/AHT21.o
                0x08001186                AHT21_Read_Humidity
 .text.AHT21_Read_Temperature
                0x080011e8       0x64 ./Core/Src/AHT21.o
                0x080011e8                AHT21_Read_Temperature
 .text.MPU6050_WriteReg
                0x0800124c       0x3c ./Core/Src/MPU6050_formatted.o
 .text.MPU6050_ReadReg
                0x08001288       0x38 ./Core/Src/MPU6050_formatted.o
 .text.MPU6050_ReadRegs
                0x080012c0       0x3c ./Core/Src/MPU6050_formatted.o
 .text.MPU6050_Initialization
                0x080012fc      0x21c ./Core/Src/MPU6050_formatted.o
                0x080012fc                MPU6050_Initialization
 .text.MPU6050_Get6AxisRawData
                0x08001518       0xb2 ./Core/Src/MPU6050_formatted.o
                0x08001518                MPU6050_Get6AxisRawData
 *fill*         0x080015ca        0x2 
 .text.MPU6050_Get_LSB_Sensitivity
                0x080015cc       0xc8 ./Core/Src/MPU6050_formatted.o
                0x080015cc                MPU6050_Get_LSB_Sensitivity
 .text.MPU6050_DataConvert
                0x08001694       0xfc ./Core/Src/MPU6050_formatted.o
                0x08001694                MPU6050_DataConvert
 .text.MPU6050_ProcessData
                0x08001790       0x1c ./Core/Src/MPU6050_formatted.o
                0x08001790                MPU6050_ProcessData
 .text.SHIFT_CheckAlerts
                0x080017ac      0x3cc ./Core/Src/alert.o
                0x080017ac                SHIFT_CheckAlerts
 .text.ITM_SendChar
                0x08001b78       0x4e ./Core/Src/main.o
 .text._write   0x08001bc6       0x38 ./Core/Src/main.o
                0x08001bc6                _write
 *fill*         0x08001bfe        0x2 
 .text.main     0x08001c00      0x154 ./Core/Src/main.o
                0x08001c00                main
 .text.SystemClock_Config
                0x08001d54       0xd4 ./Core/Src/main.o
                0x08001d54                SystemClock_Config
 .text.MX_I2C1_Init
                0x08001e28       0x5c ./Core/Src/main.o
 .text.MX_USART2_UART_Init
                0x08001e84       0x54 ./Core/Src/main.o
 .text.MX_GPIO_Init
                0x08001ed8       0xf0 ./Core/Src/main.o
 .text.StartDefaultTask
                0x08001fc8       0x44 ./Core/Src/main.o
                0x08001fc8                StartDefaultTask
 .text.StartTask02
                0x0800200c       0xe0 ./Core/Src/main.o
                0x0800200c                StartTask02
 .text.StartTask03
                0x080020ec       0x7c ./Core/Src/main.o
                0x080020ec                StartTask03
 .text.StartTask04
                0x08002168       0xf8 ./Core/Src/main.o
                0x08002168                StartTask04
 .text.StartTask05
                0x08002260       0xb8 ./Core/Src/main.o
                0x08002260                StartTask05
 .text.HAL_TIM_PeriodElapsedCallback
                0x08002318       0x24 ./Core/Src/main.o
                0x08002318                HAL_TIM_PeriodElapsedCallback
 .text.Error_Handler
                0x0800233c        0xc ./Core/Src/main.o
                0x0800233c                Error_Handler
 .text.MAX30102_WriteReg
                0x08002348       0x3c ./Core/Src/max30102.o
 .text.MAX30102_ReadRegs
                0x08002384       0x50 ./Core/Src/max30102.o
 .text.MAX30102_Init
                0x080023d4       0xa8 ./Core/Src/max30102.o
                0x080023d4                MAX30102_Init
 .text.MAX30102_ReadFIFO_OneSample
                0x0800247c       0x50 ./Core/Src/max30102.o
                0x0800247c                MAX30102_ReadFIFO_OneSample
 .text.is_finger_on_sq
                0x080024cc      0x124 ./Core/Src/max30102_processing.o
 .text.MAX30102_StoreSample
                0x080025f0       0xcc ./Core/Src/max30102_processing.o
                0x080025f0                MAX30102_StoreSample
 .text.remove_dc
                0x080026bc       0xd8 ./Core/Src/max30102_processing.o
 .text.bandpass_filter
                0x08002794      0x104 ./Core/Src/max30102_processing.o
 .text.calculate_bpm
                0x08002898       0xc0 ./Core/Src/max30102_processing.o
 .text.calculate_spo2
                0x08002958      0x144 ./Core/Src/max30102_processing.o
 .text.compute_signal_quality
                0x08002a9c       0x64 ./Core/Src/max30102_processing.o
 .text.MAX30102_Process
                0x08002b00       0xc8 ./Core/Src/max30102_processing.o
                0x08002b00                MAX30102_Process
 .text.MAX30102_ResetBuffer
                0x08002bc8       0x50 ./Core/Src/max30102_processing.o
                0x08002bc8                MAX30102_ResetBuffer
 .text.SHIFT_ComputeCRC
                0x08002c18       0x40 ./Core/Src/protocol.o
 .text.SHIFT_BuildFrame
                0x08002c58       0xc8 ./Core/Src/protocol.o
                0x08002c58                SHIFT_BuildFrame
 .text.HAL_MspInit
                0x08002d20       0x58 ./Core/Src/stm32f4xx_hal_msp.o
                0x08002d20                HAL_MspInit
 .text.HAL_I2C_MspInit
                0x08002d78       0x90 ./Core/Src/stm32f4xx_hal_msp.o
                0x08002d78                HAL_I2C_MspInit
 .text.HAL_UART_MspInit
                0x08002e08       0xa0 ./Core/Src/stm32f4xx_hal_msp.o
                0x08002e08                HAL_UART_MspInit
 .text.HAL_InitTick
                0x08002ea8       0xe8 ./Core/Src/stm32f4xx_hal_timebase_tim.o
                0x08002ea8                HAL_InitTick
 .text.NMI_Handler
                0x08002f90        0x8 ./Core/Src/stm32f4xx_it.o
                0x08002f90                NMI_Handler
 .text.HardFault_Handler
                0x08002f98        0x8 ./Core/Src/stm32f4xx_it.o
                0x08002f98                HardFault_Handler
 .text.MemManage_Handler
                0x08002fa0        0x8 ./Core/Src/stm32f4xx_it.o
                0x08002fa0                MemManage_Handler
 .text.BusFault_Handler
                0x08002fa8        0x8 ./Core/Src/stm32f4xx_it.o
                0x08002fa8                BusFault_Handler
 .text.UsageFault_Handler
                0x08002fb0        0x8 ./Core/Src/stm32f4xx_it.o
                0x08002fb0                UsageFault_Handler
 .text.DebugMon_Handler
                0x08002fb8        0xe ./Core/Src/stm32f4xx_it.o
                0x08002fb8                DebugMon_Handler
 .text.EXTI1_IRQHandler
                0x08002fc6        0xe ./Core/Src/stm32f4xx_it.o
                0x08002fc6                EXTI1_IRQHandler
 .text.TIM1_UP_TIM10_IRQHandler
                0x08002fd4       0x14 ./Core/Src/stm32f4xx_it.o
                0x08002fd4                TIM1_UP_TIM10_IRQHandler
 .text.USART2_IRQHandler
                0x08002fe8       0x14 ./Core/Src/stm32f4xx_it.o
                0x08002fe8                USART2_IRQHandler
 .text._getpid  0x08002ffc       0x10 ./Core/Src/syscalls.o
                0x08002ffc                _getpid
 .text._kill    0x0800300c       0x20 ./Core/Src/syscalls.o
                0x0800300c                _kill
 .text._exit    0x0800302c       0x16 ./Core/Src/syscalls.o
                0x0800302c                _exit
 .text._read    0x08003042       0x3a ./Core/Src/syscalls.o
                0x08003042                _read
 .text._close   0x0800307c       0x18 ./Core/Src/syscalls.o
                0x0800307c                _close
 .text._fstat   0x08003094       0x20 ./Core/Src/syscalls.o
                0x08003094                _fstat
 .text._isatty  0x080030b4       0x16 ./Core/Src/syscalls.o
                0x080030b4                _isatty
 .text._lseek   0x080030ca       0x1a ./Core/Src/syscalls.o
                0x080030ca                _lseek
 .text._sbrk    0x080030e4       0x6c ./Core/Src/sysmem.o
                0x080030e4                _sbrk
 .text.SystemInit
                0x08003150       0x24 ./Core/Src/system_stm32f4xx.o
                0x08003150                SystemInit
 .text.Reset_Handler
                0x08003174       0x50 ./Core/Startup/startup_stm32f407vgtx.o
                0x08003174                Reset_Handler
 .text.Default_Handler
                0x080031c4        0x2 ./Core/Startup/startup_stm32f407vgtx.o
                0x080031c4                RTC_Alarm_IRQHandler
                0x080031c4                HASH_RNG_IRQHandler
                0x080031c4                EXTI2_IRQHandler
                0x080031c4                TIM8_CC_IRQHandler
                0x080031c4                TIM1_CC_IRQHandler
                0x080031c4                DMA2_Stream5_IRQHandler
                0x080031c4                DMA1_Stream5_IRQHandler
                0x080031c4                PVD_IRQHandler
                0x080031c4                SDIO_IRQHandler
                0x080031c4                TAMP_STAMP_IRQHandler
                0x080031c4                CAN2_RX1_IRQHandler
                0x080031c4                EXTI3_IRQHandler
                0x080031c4                TIM8_TRG_COM_TIM14_IRQHandler
                0x080031c4                TIM8_UP_TIM13_IRQHandler
                0x080031c4                I2C3_ER_IRQHandler
                0x080031c4                EXTI0_IRQHandler
                0x080031c4                I2C2_EV_IRQHandler
                0x080031c4                DMA1_Stream2_IRQHandler
                0x080031c4                CAN1_RX0_IRQHandler
                0x080031c4                FPU_IRQHandler
                0x080031c4                OTG_HS_WKUP_IRQHandler
                0x080031c4                CAN2_SCE_IRQHandler
                0x080031c4                DMA2_Stream2_IRQHandler
                0x080031c4                SPI1_IRQHandler
                0x080031c4                TIM6_DAC_IRQHandler
                0x080031c4                TIM1_BRK_TIM9_IRQHandler
                0x080031c4                DCMI_IRQHandler
                0x080031c4                CAN2_RX0_IRQHandler
                0x080031c4                DMA2_Stream3_IRQHandler
                0x080031c4                USART6_IRQHandler
                0x080031c4                USART3_IRQHandler
                0x080031c4                CAN1_RX1_IRQHandler
                0x080031c4                UART5_IRQHandler
                0x080031c4                DMA2_Stream0_IRQHandler
                0x080031c4                TIM4_IRQHandler
                0x080031c4                I2C1_EV_IRQHandler
                0x080031c4                DMA1_Stream6_IRQHandler
                0x080031c4                DMA1_Stream1_IRQHandler
                0x080031c4                UART4_IRQHandler
                0x080031c4                TIM3_IRQHandler
                0x080031c4                RCC_IRQHandler
                0x080031c4                TIM8_BRK_TIM12_IRQHandler
                0x080031c4                Default_Handler
                0x080031c4                EXTI15_10_IRQHandler
                0x080031c4                ADC_IRQHandler
                0x080031c4                DMA1_Stream7_IRQHandler
                0x080031c4                TIM7_IRQHandler
                0x080031c4                CAN2_TX_IRQHandler
                0x080031c4                TIM5_IRQHandler
                0x080031c4                DMA2_Stream7_IRQHandler
                0x080031c4                I2C3_EV_IRQHandler
                0x080031c4                EXTI9_5_IRQHandler
                0x080031c4                RTC_WKUP_IRQHandler
                0x080031c4                ETH_WKUP_IRQHandler
                0x080031c4                SPI2_IRQHandler
                0x080031c4                OTG_HS_EP1_IN_IRQHandler
                0x080031c4                DMA1_Stream0_IRQHandler
                0x080031c4                CAN1_TX_IRQHandler
                0x080031c4                EXTI4_IRQHandler
                0x080031c4                FSMC_IRQHandler
                0x080031c4                ETH_IRQHandler
                0x080031c4                OTG_HS_EP1_OUT_IRQHandler
                0x080031c4                WWDG_IRQHandler
                0x080031c4                TIM2_IRQHandler
                0x080031c4                OTG_FS_WKUP_IRQHandler
                0x080031c4                TIM1_TRG_COM_TIM11_IRQHandler
                0x080031c4                OTG_HS_IRQHandler
                0x080031c4                I2C2_ER_IRQHandler
                0x080031c4                DMA2_Stream1_IRQHandler
                0x080031c4                CAN1_SCE_IRQHandler
                0x080031c4                FLASH_IRQHandler
                0x080031c4                DMA2_Stream4_IRQHandler
                0x080031c4                USART1_IRQHandler
                0x080031c4                OTG_FS_IRQHandler
                0x080031c4                SPI3_IRQHandler
                0x080031c4                DMA1_Stream4_IRQHandler
                0x080031c4                I2C1_ER_IRQHandler
                0x080031c4                DMA2_Stream6_IRQHandler
                0x080031c4                DMA1_Stream3_IRQHandler
 *fill*         0x080031c6        0x2 
 .text.HAL_Init
                0x080031c8       0x44 ./Drivers/STM32F4xx_HAL_Driver/Src/stm32f4xx_hal.o
                0x080031c8                HAL_Init
 .text.HAL_IncTick
                0x0800320c       0x28 ./Drivers/STM32F4xx_HAL_Driver/Src/stm32f4xx_hal.o
                0x0800320c                HAL_IncTick
 .text.HAL_GetTick
                0x08003234       0x18 ./Drivers/STM32F4xx_HAL_Driver/Src/stm32f4xx_hal.o
                0x08003234                HAL_GetTick
 .text.HAL_Delay
                0x0800324c       0x48 ./Drivers/STM32F4xx_HAL_Driver/Src/stm32f4xx_hal.o
                0x0800324c                HAL_Delay
 .text.__NVIC_SetPriorityGrouping
                0x08003294       0x48 ./Drivers/STM32F4xx_HAL_Driver/Src/stm32f4xx_hal_cortex.o
 .text.__NVIC_GetPriorityGrouping
                0x080032dc       0x1c ./Drivers/STM32F4xx_HAL_Driver/Src/stm32f4xx_hal_cortex.o
 .text.__NVIC_EnableIRQ
                0x080032f8       0x3c ./Drivers/STM32F4xx_HAL_Driver/Src/stm32f4xx_hal_cortex.o
 .text.__NVIC_SetPriority
                0x08003334       0x54 ./Drivers/STM32F4xx_HAL_Driver/Src/stm32f4xx_hal_cortex.o
 .text.NVIC_EncodePriority
                0x08003388       0x66 ./Drivers/STM32F4xx_HAL_Driver/Src/stm32f4xx_hal_cortex.o
 .text.HAL_NVIC_SetPriorityGrouping
                0x080033ee       0x16 ./Drivers/STM32F4xx_HAL_Driver/Src/stm32f4xx_hal_cortex.o
                0x080033ee                HAL_NVIC_SetPriorityGrouping
 .text.HAL_NVIC_SetPriority
                0x08003404       0x38 ./Drivers/STM32F4xx_HAL_Driver/Src/stm32f4xx_hal_cortex.o
                0x08003404                HAL_NVIC_SetPriority
 .text.HAL_NVIC_EnableIRQ
                0x0800343c       0x1c ./Drivers/STM32F4xx_HAL_Driver/Src/stm32f4xx_hal_cortex.o
                0x0800343c                HAL_NVIC_EnableIRQ
 .text.HAL_DMA_Abort
                0x08003458       0xe0 ./Drivers/STM32F4xx_HAL_Driver/Src/stm32f4xx_hal_dma.o
                0x08003458                HAL_DMA_Abort
 .text.HAL_DMA_Abort_IT
                0x08003538       0x44 ./Drivers/STM32F4xx_HAL_Driver/Src/stm32f4xx_hal_dma.o
                0x08003538                HAL_DMA_Abort_IT
 .text.HAL_GPIO_Init
                0x0800357c      0x338 ./Drivers/STM32F4xx_HAL_Driver/Src/stm32f4xx_hal_gpio.o
                0x0800357c                HAL_GPIO_Init
 .text.HAL_GPIO_WritePin
                0x080038b4       0x32 ./Drivers/STM32F4xx_HAL_Driver/Src/stm32f4xx_hal_gpio.o
                0x080038b4                HAL_GPIO_WritePin
 *fill*         0x080038e6        0x2 
 .text.HAL_GPIO_EXTI_IRQHandler
                0x080038e8       0x30 ./Drivers/STM32F4xx_HAL_Driver/Src/stm32f4xx_hal_gpio.o
                0x080038e8                HAL_GPIO_EXTI_IRQHandler
 .text.HAL_GPIO_EXTI_Callback
                0x08003918       0x16 ./Drivers/STM32F4xx_HAL_Driver/Src/stm32f4xx_hal_gpio.o
                0x08003918                HAL_GPIO_EXTI_Callback
 *fill*         0x0800392e        0x2 
 .text.HAL_I2C_Init
                0x08003930      0x288 ./Drivers/STM32F4xx_HAL_Driver/Src/stm32f4xx_hal_i2c.o
                0x08003930                HAL_I2C_Init
 .text.HAL_I2C_Master_Transmit
                0x08003bb8      0x1fc ./Drivers/STM32F4xx_HAL_Driver/Src/stm32f4xx_hal_i2c.o
                0x08003bb8                HAL_I2C_Master_Transmit
 .text.HAL_I2C_Master_Receive
                0x08003db4      0x464 ./Drivers/STM32F4xx_HAL_Driver/Src/stm32f4xx_hal_i2c.o
                0x08003db4                HAL_I2C_Master_Receive
 .text.HAL_I2C_Mem_Write
                0x08004218      0x1f4 ./Drivers/STM32F4xx_HAL_Driver/Src/stm32f4xx_hal_i2c.o
                0x08004218                HAL_I2C_Mem_Write
 .text.HAL_I2C_Mem_Read
                0x0800440c      0x464 ./Drivers/STM32F4xx_HAL_Driver/Src/stm32f4xx_hal_i2c.o
                0x0800440c                HAL_I2C_Mem_Read
 .text.HAL_I2C_IsDeviceReady
                0x08004870      0x25c ./Drivers/STM32F4xx_HAL_Driver/Src/stm32f4xx_hal_i2c.o
                0x08004870                HAL_I2C_IsDeviceReady
 .text.I2C_MasterRequestWrite
                0x08004acc      0x104 ./Drivers/STM32F4xx_HAL_Driver/Src/stm32f4xx_hal_i2c.o
 .text.I2C_MasterRequestRead
                0x08004bd0      0x19c ./Drivers/STM32F4xx_HAL_Driver/Src/stm32f4xx_hal_i2c.o
 .text.I2C_RequestMemoryWrite
                0x08004d6c      0x12c ./Drivers/STM32F4xx_HAL_Driver/Src/stm32f4xx_hal_i2c.o
 .text.I2C_RequestMemoryRead
                0x08004e98      0x1d0 ./Drivers/STM32F4xx_HAL_Driver/Src/stm32f4xx_hal_i2c.o
 .text.I2C_WaitOnFlagUntilTimeout
                0x08005068       0xf4 ./Drivers/STM32F4xx_HAL_Driver/Src/stm32f4xx_hal_i2c.o
 .text.I2C_WaitOnMasterAddressFlagUntilTimeout
                0x0800515c      0x140 ./Drivers/STM32F4xx_HAL_Driver/Src/stm32f4xx_hal_i2c.o
 .text.I2C_WaitOnTXEFlagUntilTimeout
                0x0800529c       0x90 ./Drivers/STM32F4xx_HAL_Driver/Src/stm32f4xx_hal_i2c.o
 .text.I2C_WaitOnBTFFlagUntilTimeout
                0x0800532c       0x90 ./Drivers/STM32F4xx_HAL_Driver/Src/stm32f4xx_hal_i2c.o
 .text.I2C_WaitOnRXNEFlagUntilTimeout
                0x080053bc       0xba ./Drivers/STM32F4xx_HAL_Driver/Src/stm32f4xx_hal_i2c.o
 .text.I2C_IsAcknowledgeFailed
                0x08005476       0x5e ./Drivers/STM32F4xx_HAL_Driver/Src/stm32f4xx_hal_i2c.o
 .text.HAL_RCC_OscConfig
                0x080054d4      0x4f0 ./Drivers/STM32F4xx_HAL_Driver/Src/stm32f4xx_hal_rcc.o
                0x080054d4                HAL_RCC_OscConfig
 .text.HAL_RCC_ClockConfig
                0x080059c4      0x1cc ./Drivers/STM32F4xx_HAL_Driver/Src/stm32f4xx_hal_rcc.o
                0x080059c4                HAL_RCC_ClockConfig
 .text.HAL_RCC_GetSysClockFreq
                0x08005b90      0x20c ./Drivers/STM32F4xx_HAL_Driver/Src/stm32f4xx_hal_rcc.o
                0x08005b90                HAL_RCC_GetSysClockFreq
 .text.HAL_RCC_GetHCLKFreq
                0x08005d9c       0x18 ./Drivers/STM32F4xx_HAL_Driver/Src/stm32f4xx_hal_rcc.o
                0x08005d9c                HAL_RCC_GetHCLKFreq
 .text.HAL_RCC_GetPCLK1Freq
                0x08005db4       0x28 ./Drivers/STM32F4xx_HAL_Driver/Src/stm32f4xx_hal_rcc.o
                0x08005db4                HAL_RCC_GetPCLK1Freq
 .text.HAL_RCC_GetPCLK2Freq
                0x08005ddc       0x28 ./Drivers/STM32F4xx_HAL_Driver/Src/stm32f4xx_hal_rcc.o
                0x08005ddc                HAL_RCC_GetPCLK2Freq
 .text.HAL_RCC_GetClockConfig
                0x08005e04       0x64 ./Drivers/STM32F4xx_HAL_Driver/Src/stm32f4xx_hal_rcc.o
                0x08005e04                HAL_RCC_GetClockConfig
 .text.HAL_TIM_Base_Init
                0x08005e68       0x9e ./Drivers/STM32F4xx_HAL_Driver/Src/stm32f4xx_hal_tim.o
                0x08005e68                HAL_TIM_Base_Init
 .text.HAL_TIM_Base_MspInit
                0x08005f06       0x14 ./Drivers/STM32F4xx_HAL_Driver/Src/stm32f4xx_hal_tim.o
                0x08005f06                HAL_TIM_Base_MspInit
 *fill*         0x08005f1a        0x2 
 .text.HAL_TIM_Base_Start_IT
                0x08005f1c       0xe0 ./Drivers/STM32F4xx_HAL_Driver/Src/stm32f4xx_hal_tim.o
                0x08005f1c                HAL_TIM_Base_Start_IT
 .text.HAL_TIM_IRQHandler
                0x08005ffc      0x1e0 ./Drivers/STM32F4xx_HAL_Driver/Src/stm32f4xx_hal_tim.o
                0x08005ffc                HAL_TIM_IRQHandler
 .text.HAL_TIM_OC_DelayElapsedCallback
                0x080061dc       0x14 ./Drivers/STM32F4xx_HAL_Driver/Src/stm32f4xx_hal_tim.o
                0x080061dc                HAL_TIM_OC_DelayElapsedCallback
 .text.HAL_TIM_IC_CaptureCallback
                0x080061f0       0x14 ./Drivers/STM32F4xx_HAL_Driver/Src/stm32f4xx_hal_tim.o
                0x080061f0                HAL_TIM_IC_CaptureCallback
 .text.HAL_TIM_PWM_PulseFinishedCallback
                0x08006204       0x14 ./Drivers/STM32F4xx_HAL_Driver/Src/stm32f4xx_hal_tim.o
                0x08006204                HAL_TIM_PWM_PulseFinishedCallback
 .text.HAL_TIM_TriggerCallback
                0x08006218       0x14 ./Drivers/STM32F4xx_HAL_Driver/Src/stm32f4xx_hal_tim.o
                0x08006218                HAL_TIM_TriggerCallback
 .text.TIM_Base_SetConfig
                0x0800622c      0x14c ./Drivers/STM32F4xx_HAL_Driver/Src/stm32f4xx_hal_tim.o
                0x0800622c                TIM_Base_SetConfig
 .text.HAL_TIMEx_CommutCallback
                0x08006378       0x14 ./Drivers/STM32F4xx_HAL_Driver/Src/stm32f4xx_hal_tim_ex.o
                0x08006378                HAL_TIMEx_CommutCallback
 .text.HAL_TIMEx_BreakCallback
                0x0800638c       0x14 ./Drivers/STM32F4xx_HAL_Driver/Src/stm32f4xx_hal_tim_ex.o
                0x0800638c                HAL_TIMEx_BreakCallback
 .text.HAL_UART_Init
                0x080063a0       0xa0 ./Drivers/STM32F4xx_HAL_Driver/Src/stm32f4xx_hal_uart.o
                0x080063a0                HAL_UART_Init
 .text.HAL_UART_Transmit
                0x08006440      0x116 ./Drivers/STM32F4xx_HAL_Driver/Src/stm32f4xx_hal_uart.o
                0x08006440                HAL_UART_Transmit
 *fill*         0x08006556        0x2 
 .text.HAL_UART_IRQHandler
                0x08006558      0x554 ./Drivers/STM32F4xx_HAL_Driver/Src/stm32f4xx_hal_uart.o
                0x08006558                HAL_UART_IRQHandler
 .text.HAL_UART_TxCpltCallback
                0x08006aac       0x14 ./Drivers/STM32F4xx_HAL_Driver/Src/stm32f4xx_hal_uart.o
                0x08006aac                HAL_UART_TxCpltCallback
 .text.HAL_UART_RxCpltCallback
                0x08006ac0       0x14 ./Drivers/STM32F4xx_HAL_Driver/Src/stm32f4xx_hal_uart.o
                0x08006ac0                HAL_UART_RxCpltCallback
 .text.HAL_UART_ErrorCallback
                0x08006ad4       0x14 ./Drivers/STM32F4xx_HAL_Driver/Src/stm32f4xx_hal_uart.o
                0x08006ad4                HAL_UART_ErrorCallback
 .text.HAL_UARTEx_RxEventCallback
                0x08006ae8       0x18 ./Drivers/STM32F4xx_HAL_Driver/Src/stm32f4xx_hal_uart.o
                0x08006ae8                HAL_UARTEx_RxEventCallback
 .text.UART_WaitOnFlagUntilTimeout
                0x08006b00       0xb2 ./Drivers/STM32F4xx_HAL_Driver/Src/stm32f4xx_hal_uart.o
 .text.UART_EndRxTransfer
                0x08006bb2       0xc6 ./Drivers/STM32F4xx_HAL_Driver/Src/stm32f4xx_hal_uart.o
 .text.UART_DMAAbortOnError
                0x08006c78       0x22 ./Drivers/STM32F4xx_HAL_Driver/Src/stm32f4xx_hal_uart.o
 .text.UART_Transmit_IT
                0x08006c9a       0xa0 ./Drivers/STM32F4xx_HAL_Driver/Src/stm32f4xx_hal_uart.o
 .text.UART_EndTransmit_IT
                0x08006d3a       0x30 ./Drivers/STM32F4xx_HAL_Driver/Src/stm32f4xx_hal_uart.o
 .text.UART_Receive_IT
                0x08006d6a      0x17c ./Drivers/STM32F4xx_HAL_Driver/Src/stm32f4xx_hal_uart.o
 *fill*         0x08006ee6        0x2 
 .text.UART_SetConfig
                0x08006ee8      0x4e8 ./Drivers/STM32F4xx_HAL_Driver/Src/stm32f4xx_hal_uart.o
 .text.__NVIC_SetPriority
                0x080073d0       0x54 ./Middlewares/Third_Party/FreeRTOS/Source/CMSIS_RTOS_V2/cmsis_os2.o
 .text.SysTick_Handler
                0x08007424       0x20 ./Middlewares/Third_Party/FreeRTOS/Source/CMSIS_RTOS_V2/cmsis_os2.o
                0x08007424                SysTick_Handler
 .text.SVC_Setup
                0x08007444       0x12 ./Middlewares/Third_Party/FreeRTOS/Source/CMSIS_RTOS_V2/cmsis_os2.o
 *fill*         0x08007456        0x2 
 .text.osKernelInitialize
                0x08007458       0x48 ./Middlewares/Third_Party/FreeRTOS/Source/CMSIS_RTOS_V2/cmsis_os2.o
                0x08007458                osKernelInitialize
 .text.osKernelStart
                0x080074a0       0x4c ./Middlewares/Third_Party/FreeRTOS/Source/CMSIS_RTOS_V2/cmsis_os2.o
                0x080074a0                osKernelStart
 .text.osThreadNew
                0x080074ec      0x124 ./Middlewares/Third_Party/FreeRTOS/Source/CMSIS_RTOS_V2/cmsis_os2.o
                0x080074ec                osThreadNew
 .text.osDelay  0x08007610       0x36 ./Middlewares/Third_Party/FreeRTOS/Source/CMSIS_RTOS_V2/cmsis_os2.o
                0x08007610                osDelay
 .text.osMutexNew
                0x08007646      0x10c ./Middlewares/Third_Party/FreeRTOS/Source/CMSIS_RTOS_V2/cmsis_os2.o
                0x08007646                osMutexNew
 .text.osMutexAcquire
                0x08007752       0x96 ./Middlewares/Third_Party/FreeRTOS/Source/CMSIS_RTOS_V2/cmsis_os2.o
                0x08007752                osMutexAcquire
 .text.osMutexRelease
                0x080077e8       0x7a ./Middlewares/Third_Party/FreeRTOS/Source/CMSIS_RTOS_V2/cmsis_os2.o
                0x080077e8                osMutexRelease
 .text.osMessageQueueNew
                0x08007862       0xe6 ./Middlewares/Third_Party/FreeRTOS/Source/CMSIS_RTOS_V2/cmsis_os2.o
                0x08007862                osMessageQueueNew
 .text.vApplicationGetIdleTaskMemory
                0x08007948       0x34 ./Middlewares/Third_Party/FreeRTOS/Source/CMSIS_RTOS_V2/cmsis_os2.o
                0x08007948                vApplicationGetIdleTaskMemory
 .text.vApplicationGetTimerTaskMemory
                0x0800797c       0x34 ./Middlewares/Third_Party/FreeRTOS/Source/CMSIS_RTOS_V2/cmsis_os2.o
                0x0800797c                vApplicationGetTimerTaskMemory
 .text.vListInitialise
                0x080079b0       0x40 ./Middlewares/Third_Party/FreeRTOS/Source/list.o
                0x080079b0                vListInitialise
 .text.vListInitialiseItem
                0x080079f0       0x1a ./Middlewares/Third_Party/FreeRTOS/Source/list.o
                0x080079f0                vListInitialiseItem
 .text.vListInsertEnd
                0x08007a0a       0x48 ./Middlewares/Third_Party/FreeRTOS/Source/list.o
                0x08007a0a                vListInsertEnd
 .text.vListInsert
                0x08007a52       0x72 ./Middlewares/Third_Party/FreeRTOS/Source/list.o
                0x08007a52                vListInsert
 .text.uxListRemove
                0x08007ac4       0x54 ./Middlewares/Third_Party/FreeRTOS/Source/list.o
                0x08007ac4                uxListRemove
 .text.xQueueGenericReset
                0x08007b18       0xd4 ./Middlewares/Third_Party/FreeRTOS/Source/queue.o
                0x08007b18                xQueueGenericReset
 .text.xQueueGenericCreateStatic
                0x08007bec       0xfa ./Middlewares/Third_Party/FreeRTOS/Source/queue.o
                0x08007bec                xQueueGenericCreateStatic
 .text.xQueueGenericCreate
                0x08007ce6       0x76 ./Middlewares/Third_Party/FreeRTOS/Source/queue.o
                0x08007ce6                xQueueGenericCreate
 .text.prvInitialiseNewQueue
                0x08007d5c       0x46 ./Middlewares/Third_Party/FreeRTOS/Source/queue.o
 .text.prvInitialiseMutex
                0x08007da2       0x34 ./Middlewares/Third_Party/FreeRTOS/Source/queue.o
 .text.xQueueCreateMutex
                0x08007dd6       0x30 ./Middlewares/Third_Party/FreeRTOS/Source/queue.o
                0x08007dd6                xQueueCreateMutex
 .text.xQueueCreateMutexStatic
                0x08007e06       0x36 ./Middlewares/Third_Party/FreeRTOS/Source/queue.o
                0x08007e06                xQueueCreateMutexStatic
 .text.xQueueGiveMutexRecursive
                0x08007e3c       0x6a ./Middlewares/Third_Party/FreeRTOS/Source/queue.o
                0x08007e3c                xQueueGiveMutexRecursive
 .text.xQueueTakeMutexRecursive
                0x08007ea6       0x6e ./Middlewares/Third_Party/FreeRTOS/Source/queue.o
                0x08007ea6                xQueueTakeMutexRecursive
 .text.xQueueGenericSend
                0x08007f14      0x204 ./Middlewares/Third_Party/FreeRTOS/Source/queue.o
                0x08007f14                xQueueGenericSend
 .text.xQueueGenericSendFromISR
                0x08008118      0x13c ./Middlewares/Third_Party/FreeRTOS/Source/queue.o
                0x08008118                xQueueGenericSendFromISR
 .text.xQueueReceive
                0x08008254      0x1c4 ./Middlewares/Third_Party/FreeRTOS/Source/queue.o
                0x08008254                xQueueReceive
 .text.xQueueSemaphoreTake
                0x08008418      0x220 ./Middlewares/Third_Party/FreeRTOS/Source/queue.o
                0x08008418                xQueueSemaphoreTake
 .text.prvGetDisinheritPriorityAfterTimeout
                0x08008638       0x30 ./Middlewares/Third_Party/FreeRTOS/Source/queue.o
 .text.prvCopyDataToQueue
                0x08008668       0xd4 ./Middlewares/Third_Party/FreeRTOS/Source/queue.o
 .text.prvCopyDataFromQueue
                0x0800873c       0x4c ./Middlewares/Third_Party/FreeRTOS/Source/queue.o
 .text.prvUnlockQueue
                0x08008788       0xa4 ./Middlewares/Third_Party/FreeRTOS/Source/queue.o
 .text.prvIsQueueEmpty
                0x0800882c       0x2c ./Middlewares/Third_Party/FreeRTOS/Source/queue.o
 .text.prvIsQueueFull
                0x08008858       0x30 ./Middlewares/Third_Party/FreeRTOS/Source/queue.o
 .text.vQueueAddToRegistry
                0x08008888       0x54 ./Middlewares/Third_Party/FreeRTOS/Source/queue.o
                0x08008888                vQueueAddToRegistry
 .text.vQueueWaitForMessageRestricted
                0x080088dc       0x68 ./Middlewares/Third_Party/FreeRTOS/Source/queue.o
                0x080088dc                vQueueWaitForMessageRestricted
 .text.xTaskCreateStatic
                0x08008944       0xc0 ./Middlewares/Third_Party/FreeRTOS/Source/tasks.o
                0x08008944                xTaskCreateStatic
 .text.xTaskCreate
                0x08008a04       0x8a ./Middlewares/Third_Party/FreeRTOS/Source/tasks.o
                0x08008a04                xTaskCreate
 *fill*         0x08008a8e        0x2 
 .text.prvInitialiseNewTask
                0x08008a90      0x150 ./Middlewares/Third_Party/FreeRTOS/Source/tasks.o
 .text.prvAddNewTaskToReadyList
                0x08008be0       0xe0 ./Middlewares/Third_Party/FreeRTOS/Source/tasks.o
 .text.vTaskDelay
                0x08008cc0       0x6c ./Middlewares/Third_Party/FreeRTOS/Source/tasks.o
                0x08008cc0                vTaskDelay
 .text.vTaskStartScheduler
                0x08008d2c       0xe0 ./Middlewares/Third_Party/FreeRTOS/Source/tasks.o
                0x08008d2c                vTaskStartScheduler
 .text.vTaskSuspendAll
                0x08008e0c       0x1c ./Middlewares/Third_Party/FreeRTOS/Source/tasks.o
                0x08008e0c                vTaskSuspendAll
 .text.xTaskResumeAll
                0x08008e28      0x13c ./Middlewares/Third_Party/FreeRTOS/Source/tasks.o
                0x08008e28                xTaskResumeAll
 .text.xTaskGetTickCount
                0x08008f64       0x20 ./Middlewares/Third_Party/FreeRTOS/Source/tasks.o
                0x08008f64                xTaskGetTickCount
 .text.xTaskIncrementTick
                0x08008f84      0x174 ./Middlewares/Third_Party/FreeRTOS/Source/tasks.o
                0x08008f84                xTaskIncrementTick
 .text.vTaskSwitchContext
                0x080090f8       0xcc ./Middlewares/Third_Party/FreeRTOS/Source/tasks.o
                0x080090f8                vTaskSwitchContext
 .text.vTaskPlaceOnEventList
                0x080091c4       0x4c ./Middlewares/Third_Party/FreeRTOS/Source/tasks.o
                0x080091c4                vTaskPlaceOnEventList
 .text.vTaskPlaceOnEventListRestricted
                0x08009210       0x58 ./Middlewares/Third_Party/FreeRTOS/Source/tasks.o
                0x08009210                vTaskPlaceOnEventListRestricted
 .text.xTaskRemoveFromEventList
                0x08009268       0xc8 ./Middlewares/Third_Party/FreeRTOS/Source/tasks.o
                0x08009268                xTaskRemoveFromEventList
 .text.vTaskInternalSetTimeOutState
                0x08009330       0x2c ./Middlewares/Third_Party/FreeRTOS/Source/tasks.o
                0x08009330                vTaskInternalSetTimeOutState
 .text.xTaskCheckForTimeOut
                0x0800935c       0xc8 ./Middlewares/Third_Party/FreeRTOS/Source/tasks.o
                0x0800935c                xTaskCheckForTimeOut
 .text.vTaskMissedYield
                0x08009424       0x18 ./Middlewares/Third_Party/FreeRTOS/Source/tasks.o
                0x08009424                vTaskMissedYield
 .text.prvIdleTask
                0x0800943c       0x30 ./Middlewares/Third_Party/FreeRTOS/Source/tasks.o
 .text.prvInitialiseTaskLists
                0x0800946c       0x80 ./Middlewares/Third_Party/FreeRTOS/Source/tasks.o
 .text.prvCheckTasksWaitingTermination
                0x080094ec       0x5c ./Middlewares/Third_Party/FreeRTOS/Source/tasks.o
 .text.prvDeleteTCB
                0x08009548       0x6a ./Middlewares/Third_Party/FreeRTOS/Source/tasks.o
 *fill*         0x080095b2        0x2 
 .text.prvResetNextTaskUnblockTime
                0x080095b4       0x40 ./Middlewares/Third_Party/FreeRTOS/Source/tasks.o
 .text.xTaskGetCurrentTaskHandle
                0x080095f4       0x20 ./Middlewares/Third_Party/FreeRTOS/Source/tasks.o
                0x080095f4                xTaskGetCurrentTaskHandle
 .text.xTaskGetSchedulerState
                0x08009614       0x3c ./Middlewares/Third_Party/FreeRTOS/Source/tasks.o
                0x08009614                xTaskGetSchedulerState
 .text.xTaskPriorityInherit
                0x08009650       0xd0 ./Middlewares/Third_Party/FreeRTOS/Source/tasks.o
                0x08009650                xTaskPriorityInherit
 .text.xTaskPriorityDisinherit
                0x08009720       0xe0 ./Middlewares/Third_Party/FreeRTOS/Source/tasks.o
                0x08009720                xTaskPriorityDisinherit
 .text.vTaskPriorityDisinheritAfterTimeout
                0x08009800      0x108 ./Middlewares/Third_Party/FreeRTOS/Source/tasks.o
                0x08009800                vTaskPriorityDisinheritAfterTimeout
 .text.pvTaskIncrementMutexHeldCount
                0x08009908       0x28 ./Middlewares/Third_Party/FreeRTOS/Source/tasks.o
                0x08009908                pvTaskIncrementMutexHeldCount
 .text.prvAddCurrentTaskToDelayedList
                0x08009930       0xa8 ./Middlewares/Third_Party/FreeRTOS/Source/tasks.o
 .text.xTimerCreateTimerTask
                0x080099d8       0x94 ./Middlewares/Third_Party/FreeRTOS/Source/timers.o
                0x080099d8                xTimerCreateTimerTask
 .text.xTimerGenericCommand
                0x08009a6c       0x9c ./Middlewares/Third_Party/FreeRTOS/Source/timers.o
                0x08009a6c                xTimerGenericCommand
 .text.prvProcessExpiredTimer
                0x08009b08       0x9c ./Middlewares/Third_Party/FreeRTOS/Source/timers.o
 .text.prvTimerTask
                0x08009ba4       0x26 ./Middlewares/Third_Party/FreeRTOS/Source/timers.o
 *fill*         0x08009bca        0x2 
 .text.prvProcessTimerOrBlockTask
                0x08009bcc       0x9c ./Middlewares/Third_Party/FreeRTOS/Source/timers.o
 .text.prvGetNextExpireTime
                0x08009c68       0x48 ./Middlewares/Third_Party/FreeRTOS/Source/timers.o
 .text.prvSampleTimeNow
                0x08009cb0       0x40 ./Middlewares/Third_Party/FreeRTOS/Source/timers.o
 .text.prvInsertTimerInActiveList
                0x08009cf0       0x84 ./Middlewares/Third_Party/FreeRTOS/Source/timers.o
 .text.prvProcessReceivedCommands
                0x08009d74      0x1cc ./Middlewares/Third_Party/FreeRTOS/Source/timers.o
 .text.prvSwitchTimerLists
                0x08009f40       0xcc ./Middlewares/Third_Party/FreeRTOS/Source/timers.o
 .text.prvCheckForValidListAndQueue
                0x0800a00c       0x80 ./Middlewares/Third_Party/FreeRTOS/Source/timers.o
 .text.pxPortInitialiseStack
                0x0800a08c       0x68 ./Middlewares/Third_Party/FreeRTOS/Source/portable/GCC/ARM_CM4F/port.o
                0x0800a08c                pxPortInitialiseStack
 .text.prvTaskExitError
                0x0800a0f4       0x5c ./Middlewares/Third_Party/FreeRTOS/Source/portable/GCC/ARM_CM4F/port.o
 .text.SVC_Handler
                0x0800a150       0x28 ./Middlewares/Third_Party/FreeRTOS/Source/portable/GCC/ARM_CM4F/port.o
                0x0800a150                SVC_Handler
 .text.prvPortStartFirstTask
                0x0800a178       0x28 ./Middlewares/Third_Party/FreeRTOS/Source/portable/GCC/ARM_CM4F/port.o
 .text.xPortStartScheduler
                0x0800a1a0      0x148 ./Middlewares/Third_Party/FreeRTOS/Source/portable/GCC/ARM_CM4F/port.o
                0x0800a1a0                xPortStartScheduler
 .text.vPortEnterCritical
                0x0800a2e8       0x64 ./Middlewares/Third_Party/FreeRTOS/Source/portable/GCC/ARM_CM4F/port.o
                0x0800a2e8                vPortEnterCritical
 .text.vPortExitCritical
                0x0800a34c       0x54 ./Middlewares/Third_Party/FreeRTOS/Source/portable/GCC/ARM_CM4F/port.o
                0x0800a34c                vPortExitCritical
 .text.PendSV_Handler
                0x0800a3a0       0x68 ./Middlewares/Third_Party/FreeRTOS/Source/portable/GCC/ARM_CM4F/port.o
                0x0800a3a0                PendSV_Handler
 .text.xPortSysTickHandler
                0x0800a408       0x44 ./Middlewares/Third_Party/FreeRTOS/Source/portable/GCC/ARM_CM4F/port.o
                0x0800a408                xPortSysTickHandler
 .text.vPortSetupTimerInterrupt
                0x0800a44c       0x48 ./Middlewares/Third_Party/FreeRTOS/Source/portable/GCC/ARM_CM4F/port.o
                0x0800a44c                vPortSetupTimerInterrupt
 .text.vPortEnableVFP
                0x0800a494       0x14 ./Middlewares/Third_Party/FreeRTOS/Source/portable/GCC/ARM_CM4F/port.o
 .text.vPortValidateInterruptPriority
                0x0800a4a8       0x84 ./Middlewares/Third_Party/FreeRTOS/Source/portable/GCC/ARM_CM4F/port.o
                0x0800a4a8                vPortValidateInterruptPriority
 .text.pvPortMalloc
                0x0800a52c      0x19c ./Middlewares/Third_Party/FreeRTOS/Source/portable/MemMang/heap_4.o
                0x0800a52c                pvPortMalloc
 .text.vPortFree
                0x0800a6c8       0xc8 ./Middlewares/Third_Party/FreeRTOS/Source/portable/MemMang/heap_4.o
                0x0800a6c8                vPortFree
 .text.prvHeapInit
                0x0800a790       0xc4 ./Middlewares/Third_Party/FreeRTOS/Source/portable/MemMang/heap_4.o
 .text.prvInsertBlockIntoFreeList
                0x0800a854       0xb4 ./Middlewares/Third_Party/FreeRTOS/Source/portable/MemMang/heap_4.o
 .text.__cvt    0x0800a908       0xca E:/STM32CubeIDE_2.0.0/STM32CubeIDE/plugins/com.st.stm32cube.ide.mcu.externaltools.gnu-tools-for-stm32.13.3.rel1.win32_1.0.100.202509120712/tools/bin/../lib/gcc/arm-none-eabi/13.3.1/../../../../arm-none-eabi/lib/thumb/v7e-m+fp/hard\libc_nano.a(libc_a-nano-vfprintf_float.o)
                0x0800a908                __cvt
 .text.__exponent
                0x0800a9d2       0x74 E:/STM32CubeIDE_2.0.0/STM32CubeIDE/plugins/com.st.stm32cube.ide.mcu.externaltools.gnu-tools-for-stm32.13.3.rel1.win32_1.0.100.202509120712/tools/bin/../lib/gcc/arm-none-eabi/13.3.1/../../../../arm-none-eabi/lib/thumb/v7e-m+fp/hard\libc_nano.a(libc_a-nano-vfprintf_float.o)
                0x0800a9d2                __exponent
 *fill*         0x0800aa46        0x2 
 .text._printf_float
                0x0800aa48      0x454 E:/STM32CubeIDE_2.0.0/STM32CubeIDE/plugins/com.st.stm32cube.ide.mcu.externaltools.gnu-tools-for-stm32.13.3.rel1.win32_1.0.100.202509120712/tools/bin/../lib/gcc/arm-none-eabi/13.3.1/../../../../arm-none-eabi/lib/thumb/v7e-m+fp/hard\libc_nano.a(libc_a-nano-vfprintf_float.o)
                0x0800aa48                _printf_float
 .text._printf_common
                0x0800ae9c       0xda E:/STM32CubeIDE_2.0.0/STM32CubeIDE/plugins/com.st.stm32cube.ide.mcu.externaltools.gnu-tools-for-stm32.13.3.rel1.win32_1.0.100.202509120712/tools/bin/../lib/gcc/arm-none-eabi/13.3.1/../../../../arm-none-eabi/lib/thumb/v7e-m+fp/hard\libc_nano.a(libc_a-nano-vfprintf_i.o)
                0x0800ae9c                _printf_common
 *fill*         0x0800af76        0x2 
 .text._printf_i
                0x0800af78      0x23c E:/STM32CubeIDE_2.0.0/STM32CubeIDE/plugins/com.st.stm32cube.ide.mcu.externaltools.gnu-tools-for-stm32.13.3.rel1.win32_1.0.100.202509120712/tools/bin/../lib/gcc/arm-none-eabi/13.3.1/../../../../arm-none-eabi/lib/thumb/v7e-m+fp/hard\libc_nano.a(libc_a-nano-vfprintf_i.o)
                0x0800af78                _printf_i
 .text._scanf_float
                0x0800b1b4      0x41c E:/STM32CubeIDE_2.0.0/STM32CubeIDE/plugins/com.st.stm32cube.ide.mcu.externaltools.gnu-tools-for-stm32.13.3.rel1.win32_1.0.100.202509120712/tools/bin/../lib/gcc/arm-none-eabi/13.3.1/../../../../arm-none-eabi/lib/thumb/v7e-m+fp/hard\libc_nano.a(libc_a-nano-vfscanf_float.o)
                0x0800b1b4                _scanf_float
 .text.std      0x0800b5d0       0x6c E:/STM32CubeIDE_2.0.0/STM32CubeIDE/plugins/com.st.stm32cube.ide.mcu.externaltools.gnu-tools-for-stm32.13.3.rel1.win32_1.0.100.202509120712/tools/bin/../lib/gcc/arm-none-eabi/13.3.1/../../../../arm-none-eabi/lib/thumb/v7e-m+fp/hard\libc_nano.a(libc_a-findfp.o)
 .text.stdio_exit_handler
                0x0800b63c       0x18 E:/STM32CubeIDE_2.0.0/STM32CubeIDE/plugins/com.st.stm32cube.ide.mcu.externaltools.gnu-tools-for-stm32.13.3.rel1.win32_1.0.100.202509120712/tools/bin/../lib/gcc/arm-none-eabi/13.3.1/../../../../arm-none-eabi/lib/thumb/v7e-m+fp/hard\libc_nano.a(libc_a-findfp.o)
 .text.cleanup_stdio
                0x0800b654       0x40 E:/STM32CubeIDE_2.0.0/STM32CubeIDE/plugins/com.st.stm32cube.ide.mcu.externaltools.gnu-tools-for-stm32.13.3.rel1.win32_1.0.100.202509120712/tools/bin/../lib/gcc/arm-none-eabi/13.3.1/../../../../arm-none-eabi/lib/thumb/v7e-m+fp/hard\libc_nano.a(libc_a-findfp.o)
 .text.global_stdio_init.part.0
                0x0800b694       0x3c E:/STM32CubeIDE_2.0.0/STM32CubeIDE/plugins/com.st.stm32cube.ide.mcu.externaltools.gnu-tools-for-stm32.13.3.rel1.win32_1.0.100.202509120712/tools/bin/../lib/gcc/arm-none-eabi/13.3.1/../../../../arm-none-eabi/lib/thumb/v7e-m+fp/hard\libc_nano.a(libc_a-findfp.o)
 .text.__sfp_lock_acquire
                0x0800b6d0        0xc E:/STM32CubeIDE_2.0.0/STM32CubeIDE/plugins/com.st.stm32cube.ide.mcu.externaltools.gnu-tools-for-stm32.13.3.rel1.win32_1.0.100.202509120712/tools/bin/../lib/gcc/arm-none-eabi/13.3.1/../../../../arm-none-eabi/lib/thumb/v7e-m+fp/hard\libc_nano.a(libc_a-findfp.o)
                0x0800b6d0                __sfp_lock_acquire
 .text.__sfp_lock_release
                0x0800b6dc        0xc E:/STM32CubeIDE_2.0.0/STM32CubeIDE/plugins/com.st.stm32cube.ide.mcu.externaltools.gnu-tools-for-stm32.13.3.rel1.win32_1.0.100.202509120712/tools/bin/../lib/gcc/arm-none-eabi/13.3.1/../../../../arm-none-eabi/lib/thumb/v7e-m+fp/hard\libc_nano.a(libc_a-findfp.o)
                0x0800b6dc                __sfp_lock_release
 .text.__sinit  0x0800b6e8       0x30 E:/STM32CubeIDE_2.0.0/STM32CubeIDE/plugins/com.st.stm32cube.ide.mcu.externaltools.gnu-tools-for-stm32.13.3.rel1.win32_1.0.100.202509120712/tools/bin/../lib/gcc/arm-none-eabi/13.3.1/../../../../arm-none-eabi/lib/thumb/v7e-m+fp/hard\libc_nano.a(libc_a-findfp.o)
                0x0800b6e8                __sinit
 .text._fwalk_sglue
                0x0800b718       0x3c E:/STM32CubeIDE_2.0.0/STM32CubeIDE/plugins/com.st.stm32cube.ide.mcu.externaltools.gnu-tools-for-stm32.13.3.rel1.win32_1.0.100.202509120712/tools/bin/../lib/gcc/arm-none-eabi/13.3.1/../../../../arm-none-eabi/lib/thumb/v7e-m+fp/hard\libc_nano.a(libc_a-fwalk.o)
                0x0800b718                _fwalk_sglue
 .text.printf   0x0800b754       0x24 E:/STM32CubeIDE_2.0.0/STM32CubeIDE/plugins/com.st.stm32cube.ide.mcu.externaltools.gnu-tools-for-stm32.13.3.rel1.win32_1.0.100.202509120712/tools/bin/../lib/gcc/arm-none-eabi/13.3.1/../../../../arm-none-eabi/lib/thumb/v7e-m+fp/hard\libc_nano.a(libc_a-printf.o)
                0x0800b754                iprintf
                0x0800b754                printf
 .text._puts_r  0x0800b778       0xaa E:/STM32CubeIDE_2.0.0/STM32CubeIDE/plugins/com.st.stm32cube.ide.mcu.externaltools.gnu-tools-for-stm32.13.3.rel1.win32_1.0.100.202509120712/tools/bin/../lib/gcc/arm-none-eabi/13.3.1/../../../../arm-none-eabi/lib/thumb/v7e-m+fp/hard\libc_nano.a(libc_a-puts.o)
                0x0800b778                _puts_r
 *fill*         0x0800b822        0x2 
 .text.puts     0x0800b824       0x10 E:/STM32CubeIDE_2.0.0/STM32CubeIDE/plugins/com.st.stm32cube.ide.mcu.externaltools.gnu-tools-for-stm32.13.3.rel1.win32_1.0.100.202509120712/tools/bin/../lib/gcc/arm-none-eabi/13.3.1/../../../../arm-none-eabi/lib/thumb/v7e-m+fp/hard\libc_nano.a(libc_a-puts.o)
                0x0800b824                puts
 .text.sprintf  0x0800b834       0x44 E:/STM32CubeIDE_2.0.0/STM32CubeIDE/plugins/com.st.stm32cube.ide.mcu.externaltools.gnu-tools-for-stm32.13.3.rel1.win32_1.0.100.202509120712/tools/bin/../lib/gcc/arm-none-eabi/13.3.1/../../../../arm-none-eabi/lib/thumb/v7e-m+fp/hard\libc_nano.a(libc_a-sprintf.o)
                0x0800b834                siprintf
                0x0800b834                sprintf
 .text.__sread  0x0800b878       0x22 E:/STM32CubeIDE_2.0.0/STM32CubeIDE/plugins/com.st.stm32cube.ide.mcu.externaltools.gnu-tools-for-stm32.13.3.rel1.win32_1.0.100.202509120712/tools/bin/../lib/gcc/arm-none-eabi/13.3.1/../../../../arm-none-eabi/lib/thumb/v7e-m+fp/hard\libc_nano.a(libc_a-stdio.o)
                0x0800b878                __sread
 .text.__swrite
                0x0800b89a       0x38 E:/STM32CubeIDE_2.0.0/STM32CubeIDE/plugins/com.st.stm32cube.ide.mcu.externaltools.gnu-tools-for-stm32.13.3.rel1.win32_1.0.100.202509120712/tools/bin/../lib/gcc/arm-none-eabi/13.3.1/../../../../arm-none-eabi/lib/thumb/v7e-m+fp/hard\libc_nano.a(libc_a-stdio.o)
                0x0800b89a                __swrite
 .text.__sseek  0x0800b8d2       0x24 E:/STM32CubeIDE_2.0.0/STM32CubeIDE/plugins/com.st.stm32cube.ide.mcu.externaltools.gnu-tools-for-stm32.13.3.rel1.win32_1.0.100.202509120712/tools/bin/../lib/gcc/arm-none-eabi/13.3.1/../../../../arm-none-eabi/lib/thumb/v7e-m+fp/hard\libc_nano.a(libc_a-stdio.o)
                0x0800b8d2                __sseek
 .text.__sclose
                0x0800b8f6        0x8 E:/STM32CubeIDE_2.0.0/STM32CubeIDE/plugins/com.st.stm32cube.ide.mcu.externaltools.gnu-tools-for-stm32.13.3.rel1.win32_1.0.100.202509120712/tools/bin/../lib/gcc/arm-none-eabi/13.3.1/../../../../arm-none-eabi/lib/thumb/v7e-m+fp/hard\libc_nano.a(libc_a-stdio.o)
                0x0800b8f6                __sclose
 .text.__swbuf_r
                0x0800b8fe       0x7c E:/STM32CubeIDE_2.0.0/STM32CubeIDE/plugins/com.st.stm32cube.ide.mcu.externaltools.gnu-tools-for-stm32.13.3.rel1.win32_1.0.100.202509120712/tools/bin/../lib/gcc/arm-none-eabi/13.3.1/../../../../arm-none-eabi/lib/thumb/v7e-m+fp/hard\libc_nano.a(libc_a-wbuf.o)
                0x0800b8fe                __swbuf_r
 *fill*         0x0800b97a        0x2 
 .text.__swsetup_r
                0x0800b97c       0xac E:/STM32CubeIDE_2.0.0/STM32CubeIDE/plugins/com.st.stm32cube.ide.mcu.externaltools.gnu-tools-for-stm32.13.3.rel1.win32_1.0.100.202509120712/tools/bin/../lib/gcc/arm-none-eabi/13.3.1/../../../../arm-none-eabi/lib/thumb/v7e-m+fp/hard\libc_nano.a(libc_a-wsetup.o)
                0x0800b97c                __swsetup_r
 .text.memset   0x0800ba28       0x10 E:/STM32CubeIDE_2.0.0/STM32CubeIDE/plugins/com.st.stm32cube.ide.mcu.externaltools.gnu-tools-for-stm32.13.3.rel1.win32_1.0.100.202509120712/tools/bin/../lib/gcc/arm-none-eabi/13.3.1/../../../../arm-none-eabi/lib/thumb/v7e-m+fp/hard\libc_nano.a(libc_a-memset.o)
                0x0800ba28                memset
 .text._localeconv_r
                0x0800ba38        0x8 E:/STM32CubeIDE_2.0.0/STM32CubeIDE/plugins/com.st.stm32cube.ide.mcu.externaltools.gnu-tools-for-stm32.13.3.rel1.win32_1.0.100.202509120712/tools/bin/../lib/gcc/arm-none-eabi/13.3.1/../../../../arm-none-eabi/lib/thumb/v7e-m+fp/hard\libc_nano.a(libc_a-localeconv.o)
                0x0800ba38                _localeconv_r
 .text._close_r
                0x0800ba40       0x20 E:/STM32CubeIDE_2.0.0/STM32CubeIDE/plugins/com.st.stm32cube.ide.mcu.externaltools.gnu-tools-for-stm32.13.3.rel1.win32_1.0.100.202509120712/tools/bin/../lib/gcc/arm-none-eabi/13.3.1/../../../../arm-none-eabi/lib/thumb/v7e-m+fp/hard\libc_nano.a(libc_a-closer.o)
                0x0800ba40                _close_r
 .text._reclaim_reent
                0x0800ba60       0xbc E:/STM32CubeIDE_2.0.0/STM32CubeIDE/plugins/com.st.stm32cube.ide.mcu.externaltools.gnu-tools-for-stm32.13.3.rel1.win32_1.0.100.202509120712/tools/bin/../lib/gcc/arm-none-eabi/13.3.1/../../../../arm-none-eabi/lib/thumb/v7e-m+fp/hard\libc_nano.a(libc_a-reent.o)
                0x0800ba60                _reclaim_reent
 .text._lseek_r
                0x0800bb1c       0x24 E:/STM32CubeIDE_2.0.0/STM32CubeIDE/plugins/com.st.stm32cube.ide.mcu.externaltools.gnu-tools-for-stm32.13.3.rel1.win32_1.0.100.202509120712/tools/bin/../lib/gcc/arm-none-eabi/13.3.1/../../../../arm-none-eabi/lib/thumb/v7e-m+fp/hard\libc_nano.a(libc_a-lseekr.o)
                0x0800bb1c                _lseek_r
 .text._read_r  0x0800bb40       0x24 E:/STM32CubeIDE_2.0.0/STM32CubeIDE/plugins/com.st.stm32cube.ide.mcu.externaltools.gnu-tools-for-stm32.13.3.rel1.win32_1.0.100.202509120712/tools/bin/../lib/gcc/arm-none-eabi/13.3.1/../../../../arm-none-eabi/lib/thumb/v7e-m+fp/hard\libc_nano.a(libc_a-readr.o)
                0x0800bb40                _read_r
 .text._write_r
                0x0800bb64       0x24 E:/STM32CubeIDE_2.0.0/STM32CubeIDE/plugins/com.st.stm32cube.ide.mcu.externaltools.gnu-tools-for-stm32.13.3.rel1.win32_1.0.100.202509120712/tools/bin/../lib/gcc/arm-none-eabi/13.3.1/../../../../arm-none-eabi/lib/thumb/v7e-m+fp/hard\libc_nano.a(libc_a-writer.o)
                0x0800bb64                _write_r
 .text.__errno  0x0800bb88        0xc E:/STM32CubeIDE_2.0.0/STM32CubeIDE/plugins/com.st.stm32cube.ide.mcu.externaltools.gnu-tools-for-stm32.13.3.rel1.win32_1.0.100.202509120712/tools/bin/../lib/gcc/arm-none-eabi/13.3.1/../../../../arm-none-eabi/lib/thumb/v7e-m+fp/hard\libc_nano.a(libc_a-errno.o)
                0x0800bb88                __errno
 .text.__libc_init_array
                0x0800bb94       0x48 E:/STM32CubeIDE_2.0.0/STM32CubeIDE/plugins/com.st.stm32cube.ide.mcu.externaltools.gnu-tools-for-stm32.13.3.rel1.win32_1.0.100.202509120712/tools/bin/../lib/gcc/arm-none-eabi/13.3.1/../../../../arm-none-eabi/lib/thumb/v7e-m+fp/hard\libc_nano.a(libc_a-init.o)
                0x0800bb94                __libc_init_array
 .text.__retarget_lock_init_recursive
                0x0800bbdc        0x2 E:/STM32CubeIDE_2.0.0/STM32CubeIDE/plugins/com.st.stm32cube.ide.mcu.externaltools.gnu-tools-for-stm32.13.3.rel1.win32_1.0.100.202509120712/tools/bin/../lib/gcc/arm-none-eabi/13.3.1/../../../../arm-none-eabi/lib/thumb/v7e-m+fp/hard\libc_nano.a(libc_a-lock.o)
                0x0800bbdc                __retarget_lock_init_recursive
 .text.__retarget_lock_acquire_recursive
                0x0800bbde        0x2 E:/STM32CubeIDE_2.0.0/STM32CubeIDE/plugins/com.st.stm32cube.ide.mcu.externaltools.gnu-tools-for-stm32.13.3.rel1.win32_1.0.100.202509120712/tools/bin/../lib/gcc/arm-none-eabi/13.3.1/../../../../arm-none-eabi/lib/thumb/v7e-m+fp/hard\libc_nano.a(libc_a-lock.o)
                0x0800bbde                __retarget_lock_acquire_recursive
 .text.__retarget_lock_release_recursive
                0x0800bbe0        0x2 E:/STM32CubeIDE_2.0.0/STM32CubeIDE/plugins/com.st.stm32cube.ide.mcu.externaltools.gnu-tools-for-stm32.13.3.rel1.win32_1.0.100.202509120712/tools/bin/../lib/gcc/arm-none-eabi/13.3.1/../../../../arm-none-eabi/lib/thumb/v7e-m+fp/hard\libc_nano.a(libc_a-lock.o)
                0x0800bbe0                __retarget_lock_release_recursive
 .text.memcpy   0x0800bbe2       0x1c E:/STM32CubeIDE_2.0.0/STM32CubeIDE/plugins/com.st.stm32cube.ide.mcu.externaltools.gnu-tools-for-stm32.13.3.rel1.win32_1.0.100.202509120712/tools/bin/../lib/gcc/arm-none-eabi/13.3.1/../../../../arm-none-eabi/lib/thumb/v7e-m+fp/hard\libc_nano.a(libc_a-memcpy-stub.o)
                0x0800bbe2                memcpy
 *fill*         0x0800bbfe        0x2 
 .text.nanf     0x0800bc00        0xc E:/STM32CubeIDE_2.0.0/STM32CubeIDE/plugins/com.st.stm32cube.ide.mcu.externaltools.gnu-tools-for-stm32.13.3.rel1.win32_1.0.100.202509120712/tools/bin/../lib/gcc/arm-none-eabi/13.3.1/../../../../arm-none-eabi/lib/thumb/v7e-m+fp/hard\libc_nano.a(libm_a-sf_nan.o)
                0x0800bc00                nanf
 .text.quorem   0x0800bc0c      0x110 E:/STM32CubeIDE_2.0.0/STM32CubeIDE/plugins/com.st.stm32cube.ide.mcu.externaltools.gnu-tools-for-stm32.13.3.rel1.win32_1.0.100.202509120712/tools/bin/../lib/gcc/arm-none-eabi/13.3.1/../../../../arm-none-eabi/lib/thumb/v7e-m+fp/hard\libc_nano.a(libc_a-dtoa.o)
 *fill*         0x0800bd1c        0x4 
 .text._dtoa_r  0x0800bd20      0xba0 E:/STM32CubeIDE_2.0.0/STM32CubeIDE/plugins/com.st.stm32cube.ide.mcu.externaltools.gnu-tools-for-stm32.13.3.rel1.win32_1.0.100.202509120712/tools/bin/../lib/gcc/arm-none-eabi/13.3.1/../../../../arm-none-eabi/lib/thumb/v7e-m+fp/hard\libc_nano.a(libc_a-dtoa.o)
                0x0800bd20                _dtoa_r
 .text._free_r  0x0800c8c0       0x94 E:/STM32CubeIDE_2.0.0/STM32CubeIDE/plugins/com.st.stm32cube.ide.mcu.externaltools.gnu-tools-for-stm32.13.3.rel1.win32_1.0.100.202509120712/tools/bin/../lib/gcc/arm-none-eabi/13.3.1/../../../../arm-none-eabi/lib/thumb/v7e-m+fp/hard\libc_nano.a(libc_a-freer.o)
                0x0800c8c0                _free_r
 .text.malloc   0x0800c954       0x10 E:/STM32CubeIDE_2.0.0/STM32CubeIDE/plugins/com.st.stm32cube.ide.mcu.externaltools.gnu-tools-for-stm32.13.3.rel1.win32_1.0.100.202509120712/tools/bin/../lib/gcc/arm-none-eabi/13.3.1/../../../../arm-none-eabi/lib/thumb/v7e-m+fp/hard\libc_nano.a(libc_a-malloc.o)
                0x0800c954                malloc
 .text.sbrk_aligned
                0x0800c964       0x44 E:/STM32CubeIDE_2.0.0/STM32CubeIDE/plugins/com.st.stm32cube.ide.mcu.externaltools.gnu-tools-for-stm32.13.3.rel1.win32_1.0.100.202509120712/tools/bin/../lib/gcc/arm-none-eabi/13.3.1/../../../../arm-none-eabi/lib/thumb/v7e-m+fp/hard\libc_nano.a(libc_a-mallocr.o)
 .text._malloc_r
                0x0800c9a8      0x100 E:/STM32CubeIDE_2.0.0/STM32CubeIDE/plugins/com.st.stm32cube.ide.mcu.externaltools.gnu-tools-for-stm32.13.3.rel1.win32_1.0.100.202509120712/tools/bin/../lib/gcc/arm-none-eabi/13.3.1/../../../../arm-none-eabi/lib/thumb/v7e-m+fp/hard\libc_nano.a(libc_a-mallocr.o)
                0x0800c9a8                _malloc_r
 .text.__malloc_lock
                0x0800caa8        0xc E:/STM32CubeIDE_2.0.0/STM32CubeIDE/plugins/com.st.stm32cube.ide.mcu.externaltools.gnu-tools-for-stm32.13.3.rel1.win32_1.0.100.202509120712/tools/bin/../lib/gcc/arm-none-eabi/13.3.1/../../../../arm-none-eabi/lib/thumb/v7e-m+fp/hard\libc_nano.a(libc_a-mlock.o)
                0x0800caa8                __malloc_lock
 .text.__malloc_unlock
                0x0800cab4        0xc E:/STM32CubeIDE_2.0.0/STM32CubeIDE/plugins/com.st.stm32cube.ide.mcu.externaltools.gnu-tools-for-stm32.13.3.rel1.win32_1.0.100.202509120712/tools/bin/../lib/gcc/arm-none-eabi/13.3.1/../../../../arm-none-eabi/lib/thumb/v7e-m+fp/hard\libc_nano.a(libc_a-mlock.o)
                0x0800cab4                __malloc_unlock
 .text._Balloc  0x0800cac0       0x80 E:/STM32CubeIDE_2.0.0/STM32CubeIDE/plugins/com.st.stm32cube.ide.mcu.externaltools.gnu-tools-for-stm32.13.3.rel1.win32_1.0.100.202509120712/tools/bin/../lib/gcc/arm-none-eabi/13.3.1/../../../../arm-none-eabi/lib/thumb/v7e-m+fp/hard\libc_nano.a(libc_a-mprec.o)
                0x0800cac0                _Balloc
 .text._Bfree   0x0800cb40       0x44 E:/STM32CubeIDE_2.0.0/STM32CubeIDE/plugins/com.st.stm32cube.ide.mcu.externaltools.gnu-tools-for-stm32.13.3.rel1.win32_1.0.100.202509120712/tools/bin/../lib/gcc/arm-none-eabi/13.3.1/../../../../arm-none-eabi/lib/thumb/v7e-m+fp/hard\libc_nano.a(libc_a-mprec.o)
                0x0800cb40                _Bfree
 .text.__multadd
                0x0800cb84       0x8c E:/STM32CubeIDE_2.0.0/STM32CubeIDE/plugins/com.st.stm32cube.ide.mcu.externaltools.gnu-tools-for-stm32.13.3.rel1.win32_1.0.100.202509120712/tools/bin/../lib/gcc/arm-none-eabi/13.3.1/../../../../arm-none-eabi/lib/thumb/v7e-m+fp/hard\libc_nano.a(libc_a-mprec.o)
                0x0800cb84                __multadd
 .text.__s2b    0x0800cc10       0x94 E:/STM32CubeIDE_2.0.0/STM32CubeIDE/plugins/com.st.stm32cube.ide.mcu.externaltools.gnu-tools-for-stm32.13.3.rel1.win32_1.0.100.202509120712/tools/bin/../lib/gcc/arm-none-eabi/13.3.1/../../../../arm-none-eabi/lib/thumb/v7e-m+fp/hard\libc_nano.a(libc_a-mprec.o)
                0x0800cc10                __s2b
 .text.__hi0bits
                0x0800cca4       0x3e E:/STM32CubeIDE_2.0.0/STM32CubeIDE/plugins/com.st.stm32cube.ide.mcu.externaltools.gnu-tools-for-stm32.13.3.rel1.win32_1.0.100.202509120712/tools/bin/../lib/gcc/arm-none-eabi/13.3.1/../../../../arm-none-eabi/lib/thumb/v7e-m+fp/hard\libc_nano.a(libc_a-mprec.o)
                0x0800cca4                __hi0bits
 .text.__lo0bits
                0x0800cce2       0x5a E:/STM32CubeIDE_2.0.0/STM32CubeIDE/plugins/com.st.stm32cube.ide.mcu.externaltools.gnu-tools-for-stm32.13.3.rel1.win32_1.0.100.202509120712/tools/bin/../lib/gcc/arm-none-eabi/13.3.1/../../../../arm-none-eabi/lib/thumb/v7e-m+fp/hard\libc_nano.a(libc_a-mprec.o)
                0x0800cce2                __lo0bits
 .text.__i2b    0x0800cd3c       0x2c E:/STM32CubeIDE_2.0.0/STM32CubeIDE/plugins/com.st.stm32cube.ide.mcu.externaltools.gnu-tools-for-stm32.13.3.rel1.win32_1.0.100.202509120712/tools/bin/../lib/gcc/arm-none-eabi/13.3.1/../../../../arm-none-eabi/lib/thumb/v7e-m+fp/hard\libc_nano.a(libc_a-mprec.o)
                0x0800cd3c                __i2b
 .text.__multiply
                0x0800cd68      0x144 E:/STM32CubeIDE_2.0.0/STM32CubeIDE/plugins/com.st.stm32cube.ide.mcu.externaltools.gnu-tools-for-stm32.13.3.rel1.win32_1.0.100.202509120712/tools/bin/../lib/gcc/arm-none-eabi/13.3.1/../../../../arm-none-eabi/lib/thumb/v7e-m+fp/hard\libc_nano.a(libc_a-mprec.o)
                0x0800cd68                __multiply
 .text.__pow5mult
                0x0800ceac       0xb4 E:/STM32CubeIDE_2.0.0/STM32CubeIDE/plugins/com.st.stm32cube.ide.mcu.externaltools.gnu-tools-for-stm32.13.3.rel1.win32_1.0.100.202509120712/tools/bin/../lib/gcc/arm-none-eabi/13.3.1/../../../../arm-none-eabi/lib/thumb/v7e-m+fp/hard\libc_nano.a(libc_a-mprec.o)
                0x0800ceac                __pow5mult
 .text.__lshift
                0x0800cf60       0xd8 E:/STM32CubeIDE_2.0.0/STM32CubeIDE/plugins/com.st.stm32cube.ide.mcu.externaltools.gnu-tools-for-stm32.13.3.rel1.win32_1.0.100.202509120712/tools/bin/../lib/gcc/arm-none-eabi/13.3.1/../../../../arm-none-eabi/lib/thumb/v7e-m+fp/hard\libc_nano.a(libc_a-mprec.o)
                0x0800cf60                __lshift
 .text.__mcmp   0x0800d038       0x36 E:/STM32CubeIDE_2.0.0/STM32CubeIDE/plugins/com.st.stm32cube.ide.mcu.externaltools.gnu-tools-for-stm32.13.3.rel1.win32_1.0.100.202509120712/tools/bin/../lib/gcc/arm-none-eabi/13.3.1/../../../../arm-none-eabi/lib/thumb/v7e-m+fp/hard\libc_nano.a(libc_a-mprec.o)
                0x0800d038                __mcmp
 *fill*         0x0800d06e        0x2 
 .text.__mdiff  0x0800d070      0x128 E:/STM32CubeIDE_2.0.0/STM32CubeIDE/plugins/com.st.stm32cube.ide.mcu.externaltools.gnu-tools-for-stm32.13.3.rel1.win32_1.0.100.202509120712/tools/bin/../lib/gcc/arm-none-eabi/13.3.1/../../../../arm-none-eabi/lib/thumb/v7e-m+fp/hard\libc_nano.a(libc_a-mprec.o)
                0x0800d070                __mdiff
 .text.__ulp    0x0800d198       0x4c E:/STM32CubeIDE_2.0.0/STM32CubeIDE/plugins/com.st.stm32cube.ide.mcu.externaltools.gnu-tools-for-stm32.13.3.rel1.win32_1.0.100.202509120712/tools/bin/../lib/gcc/arm-none-eabi/13.3.1/../../../../arm-none-eabi/lib/thumb/v7e-m+fp/hard\libc_nano.a(libc_a-mprec.o)
                0x0800d198                __ulp
 .text.__b2d    0x0800d1e4       0x94 E:/STM32CubeIDE_2.0.0/STM32CubeIDE/plugins/com.st.stm32cube.ide.mcu.externaltools.gnu-tools-for-stm32.13.3.rel1.win32_1.0.100.202509120712/tools/bin/../lib/gcc/arm-none-eabi/13.3.1/../../../../arm-none-eabi/lib/thumb/v7e-m+fp/hard\libc_nano.a(libc_a-mprec.o)
                0x0800d1e4                __b2d
 .text.__d2b    0x0800d278       0xb0 E:/STM32CubeIDE_2.0.0/STM32CubeIDE/plugins/com.st.stm32cube.ide.mcu.externaltools.gnu-tools-for-stm32.13.3.rel1.win32_1.0.100.202509120712/tools/bin/../lib/gcc/arm-none-eabi/13.3.1/../../../../arm-none-eabi/lib/thumb/v7e-m+fp/hard\libc_nano.a(libc_a-mprec.o)
                0x0800d278                __d2b
 .text.__ratio  0x0800d328       0x64 E:/STM32CubeIDE_2.0.0/STM32CubeIDE/plugins/com.st.stm32cube.ide.mcu.externaltools.gnu-tools-for-stm32.13.3.rel1.win32_1.0.100.202509120712/tools/bin/../lib/gcc/arm-none-eabi/13.3.1/../../../../arm-none-eabi/lib/thumb/v7e-m+fp/hard\libc_nano.a(libc_a-mprec.o)
                0x0800d328                __ratio
 .text.__copybits
                0x0800d38c       0x46 E:/STM32CubeIDE_2.0.0/STM32CubeIDE/plugins/com.st.stm32cube.ide.mcu.externaltools.gnu-tools-for-stm32.13.3.rel1.win32_1.0.100.202509120712/tools/bin/../lib/gcc/arm-none-eabi/13.3.1/../../../../arm-none-eabi/lib/thumb/v7e-m+fp/hard\libc_nano.a(libc_a-mprec.o)
                0x0800d38c                __copybits
 .text.__any_on
                0x0800d3d2       0x42 E:/STM32CubeIDE_2.0.0/STM32CubeIDE/plugins/com.st.stm32cube.ide.mcu.externaltools.gnu-tools-for-stm32.13.3.rel1.win32_1.0.100.202509120712/tools/bin/../lib/gcc/arm-none-eabi/13.3.1/../../../../arm-none-eabi/lib/thumb/v7e-m+fp/hard\libc_nano.a(libc_a-mprec.o)
                0x0800d3d2                __any_on
 .text.sulp     0x0800d414       0x3c E:/STM32CubeIDE_2.0.0/STM32CubeIDE/plugins/com.st.stm32cube.ide.mcu.externaltools.gnu-tools-for-stm32.13.3.rel1.win32_1.0.100.202509120712/tools/bin/../lib/gcc/arm-none-eabi/13.3.1/../../../../arm-none-eabi/lib/thumb/v7e-m+fp/hard\libc_nano.a(libc_a-strtod.o)
 .text._strtod_l
                0x0800d450      0xbc8 E:/STM32CubeIDE_2.0.0/STM32CubeIDE/plugins/com.st.stm32cube.ide.mcu.externaltools.gnu-tools-for-stm32.13.3.rel1.win32_1.0.100.202509120712/tools/bin/../lib/gcc/arm-none-eabi/13.3.1/../../../../arm-none-eabi/lib/thumb/v7e-m+fp/hard\libc_nano.a(libc_a-strtod.o)
                0x0800d450                _strtod_l
 .text._strtod_r
                0x0800e018        0xc E:/STM32CubeIDE_2.0.0/STM32CubeIDE/plugins/com.st.stm32cube.ide.mcu.externaltools.gnu-tools-for-stm32.13.3.rel1.win32_1.0.100.202509120712/tools/bin/../lib/gcc/arm-none-eabi/13.3.1/../../../../arm-none-eabi/lib/thumb/v7e-m+fp/hard\libc_nano.a(libc_a-strtod.o)
                0x0800e018                _strtod_r
 .text._strtol_l.isra.0
                0x0800e024       0xf4 E:/STM32CubeIDE_2.0.0/STM32CubeIDE/plugins/com.st.stm32cube.ide.mcu.externaltools.gnu-tools-for-stm32.13.3.rel1.win32_1.0.100.202509120712/tools/bin/../lib/gcc/arm-none-eabi/13.3.1/../../../../arm-none-eabi/lib/thumb/v7e-m+fp/hard\libc_nano.a(libc_a-strtol.o)
 .text._strtol_r
                0x0800e118        0x4 E:/STM32CubeIDE_2.0.0/STM32CubeIDE/plugins/com.st.stm32cube.ide.mcu.externaltools.gnu-tools-for-stm32.13.3.rel1.win32_1.0.100.202509120712/tools/bin/../lib/gcc/arm-none-eabi/13.3.1/../../../../arm-none-eabi/lib/thumb/v7e-m+fp/hard\libc_nano.a(libc_a-strtol.o)
                0x0800e118                _strtol_r
 .text.__ssputs_r
                0x0800e11c       0xb6 E:/STM32CubeIDE_2.0.0/STM32CubeIDE/plugins/com.st.stm32cube.ide.mcu.externaltools.gnu-tools-for-stm32.13.3.rel1.win32_1.0.100.202509120712/tools/bin/../lib/gcc/arm-none-eabi/13.3.1/../../../../arm-none-eabi/lib/thumb/v7e-m+fp/hard\libc_nano.a(libc_a-nano-svfprintf.o)
                0x0800e11c                __ssputs_r
 *fill*         0x0800e1d2        0x2 
 .text._svfprintf_r
                0x0800e1d4      0x1f8 E:/STM32CubeIDE_2.0.0/STM32CubeIDE/plugins/com.st.stm32cube.ide.mcu.externaltools.gnu-tools-for-stm32.13.3.rel1.win32_1.0.100.202509120712/tools/bin/../lib/gcc/arm-none-eabi/13.3.1/../../../../arm-none-eabi/lib/thumb/v7e-m+fp/hard\libc_nano.a(libc_a-nano-svfprintf.o)
                0x0800e1d4                _svfiprintf_r
                0x0800e1d4                _svfprintf_r
 .text.__sfputc_r
                0x0800e3cc       0x2e E:/STM32CubeIDE_2.0.0/STM32CubeIDE/plugins/com.st.stm32cube.ide.mcu.externaltools.gnu-tools-for-stm32.13.3.rel1.win32_1.0.100.202509120712/tools/bin/../lib/gcc/arm-none-eabi/13.3.1/../../../../arm-none-eabi/lib/thumb/v7e-m+fp/hard\libc_nano.a(libc_a-nano-vfprintf.o)
 .text.__sfputs_r
                0x0800e3fa       0x24 E:/STM32CubeIDE_2.0.0/STM32CubeIDE/plugins/com.st.stm32cube.ide.mcu.externaltools.gnu-tools-for-stm32.13.3.rel1.win32_1.0.100.202509120712/tools/bin/../lib/gcc/arm-none-eabi/13.3.1/../../../../arm-none-eabi/lib/thumb/v7e-m+fp/hard\libc_nano.a(libc_a-nano-vfprintf.o)
                0x0800e3fa                __sfputs_r
 *fill*         0x0800e41e        0x2 
 .text._vfprintf_r
                0x0800e420      0x230 E:/STM32CubeIDE_2.0.0/STM32CubeIDE/plugins/com.st.stm32cube.ide.mcu.externaltools.gnu-tools-for-stm32.13.3.rel1.win32_1.0.100.202509120712/tools/bin/../lib/gcc/arm-none-eabi/13.3.1/../../../../arm-none-eabi/lib/thumb/v7e-m+fp/hard\libc_nano.a(libc_a-nano-vfprintf.o)
                0x0800e420                _vfprintf_r
                0x0800e420                _vfiprintf_r
 .text.__sflush_r
                0x0800e650      0x108 E:/STM32CubeIDE_2.0.0/STM32CubeIDE/plugins/com.st.stm32cube.ide.mcu.externaltools.gnu-tools-for-stm32.13.3.rel1.win32_1.0.100.202509120712/tools/bin/../lib/gcc/arm-none-eabi/13.3.1/../../../../arm-none-eabi/lib/thumb/v7e-m+fp/hard\libc_nano.a(libc_a-fflush.o)
                0x0800e650                __sflush_r
 .text._fflush_r
                0x0800e758       0x50 E:/STM32CubeIDE_2.0.0/STM32CubeIDE/plugins/com.st.stm32cube.ide.mcu.externaltools.gnu-tools-for-stm32.13.3.rel1.win32_1.0.100.202509120712/tools/bin/../lib/gcc/arm-none-eabi/13.3.1/../../../../arm-none-eabi/lib/thumb/v7e-m+fp/hard\libc_nano.a(libc_a-fflush.o)
                0x0800e758                _fflush_r
 .text.__swhatbuf_r
                0x0800e7a8       0x4c E:/STM32CubeIDE_2.0.0/STM32CubeIDE/plugins/com.st.stm32cube.ide.mcu.externaltools.gnu-tools-for-stm32.13.3.rel1.win32_1.0.100.202509120712/tools/bin/../lib/gcc/arm-none-eabi/13.3.1/../../../../arm-none-eabi/lib/thumb/v7e-m+fp/hard\libc_nano.a(libc_a-makebuf.o)
                0x0800e7a8                __swhatbuf_r
 .text.__smakebuf_r
                0x0800e7f4       0x78 E:/STM32CubeIDE_2.0.0/STM32CubeIDE/plugins/com.st.stm32cube.ide.mcu.externaltools.gnu-tools-for-stm32.13.3.rel1.win32_1.0.100.202509120712/tools/bin/../lib/gcc/arm-none-eabi/13.3.1/../../../../arm-none-eabi/lib/thumb/v7e-m+fp/hard\libc_nano.a(libc_a-makebuf.o)
                0x0800e7f4                __smakebuf_r
 .text.memmove  0x0800e86c       0x34 E:/STM32CubeIDE_2.0.0/STM32CubeIDE/plugins/com.st.stm32cube.ide.mcu.externaltools.gnu-tools-for-stm32.13.3.rel1.win32_1.0.100.202509120712/tools/bin/../lib/gcc/arm-none-eabi/13.3.1/../../../../arm-none-eabi/lib/thumb/v7e-m+fp/hard\libc_nano.a(libc_a-memmove.o)
                0x0800e86c                memmove
 .text.strncmp  0x0800e8a0       0x24 E:/STM32CubeIDE_2.0.0/STM32CubeIDE/plugins/com.st.stm32cube.ide.mcu.externaltools.gnu-tools-for-stm32.13.3.rel1.win32_1.0.100.202509120712/tools/bin/../lib/gcc/arm-none-eabi/13.3.1/../../../../arm-none-eabi/lib/thumb/v7e-m+fp/hard\libc_nano.a(libc_a-strncmp.o)
                0x0800e8a0                strncmp
 .text._fstat_r
                0x0800e8c4       0x24 E:/STM32CubeIDE_2.0.0/STM32CubeIDE/plugins/com.st.stm32cube.ide.mcu.externaltools.gnu-tools-for-stm32.13.3.rel1.win32_1.0.100.202509120712/tools/bin/../lib/gcc/arm-none-eabi/13.3.1/../../../../arm-none-eabi/lib/thumb/v7e-m+fp/hard\libc_nano.a(libc_a-fstatr.o)
                0x0800e8c4                _fstat_r
 .text._isatty_r
                0x0800e8e8       0x20 E:/STM32CubeIDE_2.0.0/STM32CubeIDE/plugins/com.st.stm32cube.ide.mcu.externaltools.gnu-tools-for-stm32.13.3.rel1.win32_1.0.100.202509120712/tools/bin/../lib/gcc/arm-none-eabi/13.3.1/../../../../arm-none-eabi/lib/thumb/v7e-m+fp/hard\libc_nano.a(libc_a-isattyr.o)
                0x0800e8e8                _isatty_r
 .text._sbrk_r  0x0800e908       0x20 E:/STM32CubeIDE_2.0.0/STM32CubeIDE/plugins/com.st.stm32cube.ide.mcu.externaltools.gnu-tools-for-stm32.13.3.rel1.win32_1.0.100.202509120712/tools/bin/../lib/gcc/arm-none-eabi/13.3.1/../../../../arm-none-eabi/lib/thumb/v7e-m+fp/hard\libc_nano.a(libc_a-sbrkr.o)
                0x0800e908                _sbrk_r
 .text.nan      0x0800e928       0x10 E:/STM32CubeIDE_2.0.0/STM32CubeIDE/plugins/com.st.stm32cube.ide.mcu.externaltools.gnu-tools-for-stm32.13.3.rel1.win32_1.0.100.202509120712/tools/bin/../lib/gcc/arm-none-eabi/13.3.1/../../../../arm-none-eabi/lib/thumb/v7e-m+fp/hard\libc_nano.a(libm_a-s_nan.o)
                0x0800e928                nan
 .text.__assert_func
                0x0800e938       0x3c E:/STM32CubeIDE_2.0.0/STM32CubeIDE/plugins/com.st.stm32cube.ide.mcu.externaltools.gnu-tools-for-stm32.13.3.rel1.win32_1.0.100.202509120712/tools/bin/../lib/gcc/arm-none-eabi/13.3.1/../../../../arm-none-eabi/lib/thumb/v7e-m+fp/hard\libc_nano.a(libc_a-assert.o)
                0x0800e938                __assert_func
 .text._calloc_r
                0x0800e974       0x28 E:/STM32CubeIDE_2.0.0/STM32CubeIDE/plugins/com.st.stm32cube.ide.mcu.externaltools.gnu-tools-for-stm32.13.3.rel1.win32_1.0.100.202509120712/tools/bin/../lib/gcc/arm-none-eabi/13.3.1/../../../../arm-none-eabi/lib/thumb/v7e-m+fp/hard\libc_nano.a(libc_a-callocr.o)
                0x0800e974                _calloc_r
 .text.rshift   0x0800e99c       0xa4 E:/STM32CubeIDE_2.0.0/STM32CubeIDE/plugins/com.st.stm32cube.ide.mcu.externaltools.gnu-tools-for-stm32.13.3.rel1.win32_1.0.100.202509120712/tools/bin/../lib/gcc/arm-none-eabi/13.3.1/../../../../arm-none-eabi/lib/thumb/v7e-m+fp/hard\libc_nano.a(libc_a-gdtoa-gethex.o)
 .text.__hexdig_fun
                0x0800ea40       0x2a E:/STM32CubeIDE_2.0.0/STM32CubeIDE/plugins/com.st.stm32cube.ide.mcu.externaltools.gnu-tools-for-stm32.13.3.rel1.win32_1.0.100.202509120712/tools/bin/../lib/gcc/arm-none-eabi/13.3.1/../../../../arm-none-eabi/lib/thumb/v7e-m+fp/hard\libc_nano.a(libc_a-gdtoa-gethex.o)
                0x0800ea40                __hexdig_fun
 *fill*         0x0800ea6a        0x2 
 .text.__gethex
                0x0800ea6c      0x420 E:/STM32CubeIDE_2.0.0/STM32CubeIDE/plugins/com.st.stm32cube.ide.mcu.externaltools.gnu-tools-for-stm32.13.3.rel1.win32_1.0.100.202509120712/tools/bin/../lib/gcc/arm-none-eabi/13.3.1/../../../../arm-none-eabi/lib/thumb/v7e-m+fp/hard\libc_nano.a(libc_a-gdtoa-gethex.o)
                0x0800ea6c                __gethex
 .text.L_shift  0x0800ee8c       0x24 E:/STM32CubeIDE_2.0.0/STM32CubeIDE/plugins/com.st.stm32cube.ide.mcu.externaltools.gnu-tools-for-stm32.13.3.rel1.win32_1.0.100.202509120712/tools/bin/../lib/gcc/arm-none-eabi/13.3.1/../../../../arm-none-eabi/lib/thumb/v7e-m+fp/hard\libc_nano.a(libc_a-gdtoa-hexnan.o)
 .text.__match  0x0800eeb0       0x28 E:/STM32CubeIDE_2.0.0/STM32CubeIDE/plugins/com.st.stm32cube.ide.mcu.externaltools.gnu-tools-for-stm32.13.3.rel1.win32_1.0.100.202509120712/tools/bin/../lib/gcc/arm-none-eabi/13.3.1/../../../../arm-none-eabi/lib/thumb/v7e-m+fp/hard\libc_nano.a(libc_a-gdtoa-hexnan.o)
                0x0800eeb0                __match
 .text.__hexnan
                0x0800eed8      0x136 E:/STM32CubeIDE_2.0.0/STM32CubeIDE/plugins/com.st.stm32cube.ide.mcu.externaltools.gnu-tools-for-stm32.13.3.rel1.win32_1.0.100.202509120712/tools/bin/../lib/gcc/arm-none-eabi/13.3.1/../../../../arm-none-eabi/lib/thumb/v7e-m+fp/hard\libc_nano.a(libc_a-gdtoa-hexnan.o)
                0x0800eed8                __hexnan
 .text.__ascii_mbtowc
                0x0800f00e       0x24 E:/STM32CubeIDE_2.0.0/STM32CubeIDE/plugins/com.st.stm32cube.ide.mcu.externaltools.gnu-tools-for-stm32.13.3.rel1.win32_1.0.100.202509120712/tools/bin/../lib/gcc/arm-none-eabi/13.3.1/../../../../arm-none-eabi/lib/thumb/v7e-m+fp/hard\libc_nano.a(libc_a-mbtowc_r.o)
                0x0800f00e                __ascii_mbtowc
 .text._realloc_r
                0x0800f032       0x5c E:/STM32CubeIDE_2.0.0/STM32CubeIDE/plugins/com.st.stm32cube.ide.mcu.externaltools.gnu-tools-for-stm32.13.3.rel1.win32_1.0.100.202509120712/tools/bin/../lib/gcc/arm-none-eabi/13.3.1/../../../../arm-none-eabi/lib/thumb/v7e-m+fp/hard\libc_nano.a(libc_a-reallocr.o)
                0x0800f032                _realloc_r
 .text.__ascii_wctomb
                0x0800f08e       0x1a E:/STM32CubeIDE_2.0.0/STM32CubeIDE/plugins/com.st.stm32cube.ide.mcu.externaltools.gnu-tools-for-stm32.13.3.rel1.win32_1.0.100.202509120712/tools/bin/../lib/gcc/arm-none-eabi/13.3.1/../../../../arm-none-eabi/lib/thumb/v7e-m+fp/hard\libc_nano.a(libc_a-wctomb_r.o)
                0x0800f08e                __ascii_wctomb
 .text.fprintf  0x0800f0a8       0x24 E:/STM32CubeIDE_2.0.0/STM32CubeIDE/plugins/com.st.stm32cube.ide.mcu.externaltools.gnu-tools-for-stm32.13.3.rel1.win32_1.0.100.202509120712/tools/bin/../lib/gcc/arm-none-eabi/13.3.1/../../../../arm-none-eabi/lib/thumb/v7e-m+fp/hard\libc_nano.a(libc_a-fprintf.o)
                0x0800f0a8                fiprintf
                0x0800f0a8                fprintf
 .text.abort    0x0800f0cc        0xe E:/STM32CubeIDE_2.0.0/STM32CubeIDE/plugins/com.st.stm32cube.ide.mcu.externaltools.gnu-tools-for-stm32.13.3.rel1.win32_1.0.100.202509120712/tools/bin/../lib/gcc/arm-none-eabi/13.3.1/../../../../arm-none-eabi/lib/thumb/v7e-m+fp/hard\libc_nano.a(libc_a-abort.o)
                0x0800f0cc                abort
 .text._malloc_usable_size_r
                0x0800f0da       0x10 E:/STM32CubeIDE_2.0.0/STM32CubeIDE/plugins/com.st.stm32cube.ide.mcu.externaltools.gnu-tools-for-stm32.13.3.rel1.win32_1.0.100.202509120712/tools/bin/../lib/gcc/arm-none-eabi/13.3.1/../../../../arm-none-eabi/lib/thumb/v7e-m+fp/hard\libc_nano.a(libc_a-msizer.o)
                0x0800f0da                _malloc_usable_size_r
 .text._raise_r
                0x0800f0ea       0x50 E:/STM32CubeIDE_2.0.0/STM32CubeIDE/plugins/com.st.stm32cube.ide.mcu.externaltools.gnu-tools-for-stm32.13.3.rel1.win32_1.0.100.202509120712/tools/bin/../lib/gcc/arm-none-eabi/13.3.1/../../../../arm-none-eabi/lib/thumb/v7e-m+fp/hard\libc_nano.a(libc_a-signal.o)
                0x0800f0ea                _raise_r
 *fill*         0x0800f13a        0x2 
 .text.raise    0x0800f13c       0x10 E:/STM32CubeIDE_2.0.0/STM32CubeIDE/plugins/com.st.stm32cube.ide.mcu.externaltools.gnu-tools-for-stm32.13.3.rel1.win32_1.0.100.202509120712/tools/bin/../lib/gcc/arm-none-eabi/13.3.1/../../../../arm-none-eabi/lib/thumb/v7e-m+fp/hard\libc_nano.a(libc_a-signal.o)
                0x0800f13c                raise
 .text._kill_r  0x0800f14c       0x24 E:/STM32CubeIDE_2.0.0/STM32CubeIDE/plugins/com.st.stm32cube.ide.mcu.externaltools.gnu-tools-for-stm32.13.3.rel1.win32_1.0.100.202509120712/tools/bin/../lib/gcc/arm-none-eabi/13.3.1/../../../../arm-none-eabi/lib/thumb/v7e-m+fp/hard\libc_nano.a(libc_a-signalr.o)
                0x0800f14c                _kill_r
 .text._getpid_r
                0x0800f170        0x4 E:/STM32CubeIDE_2.0.0/STM32CubeIDE/plugins/com.st.stm32cube.ide.mcu.externaltools.gnu-tools-for-stm32.13.3.rel1.win32_1.0.100.202509120712/tools/bin/../lib/gcc/arm-none-eabi/13.3.1/../../../../arm-none-eabi/lib/thumb/v7e-m+fp/hard\libc_nano.a(libc_a-signalr.o)
                0x0800f170                _getpid_r
 .text.sqrtf    0x0800f174       0x3c E:/STM32CubeIDE_2.0.0/STM32CubeIDE/plugins/com.st.stm32cube.ide.mcu.externaltools.gnu-tools-for-stm32.13.3.rel1.win32_1.0.100.202509120712/tools/bin/../lib/gcc/arm-none-eabi/13.3.1/../../../../arm-none-eabi/lib/thumb/v7e-m+fp/hard\libm.a(libm_a-wf_sqrt.o)
                0x0800f174                sqrtf
 .text.__ieee754_sqrtf
                0x0800f1b0        0x6 E:/STM32CubeIDE_2.0.0/STM32CubeIDE/plugins/com.st.stm32cube.ide.mcu.externaltools.gnu-tools-for-stm32.13.3.rel1.win32_1.0.100.202509120712/tools/bin/../lib/gcc/arm-none-eabi/13.3.1/../../../../arm-none-eabi/lib/thumb/v7e-m+fp/hard\libm.a(libm_a-ef_sqrt.o)
                0x0800f1b0                __ieee754_sqrtf
 *(.glue_7)
 .glue_7        0x0800f1b6        0x0 linker stubs
 *(.glue_7t)
 .glue_7t       0x0800f1b6        0x0 linker stubs
 *(.eh_frame)
 *fill*         0x0800f1b6        0x2 
 .eh_frame      0x0800f1b8        0x0 E:/STM32CubeIDE_2.0.0/STM32CubeIDE/plugins/com.st.stm32cube.ide.mcu.externaltools.gnu-tools-for-stm32.13.3.rel1.win32_1.0.100.202509120712/tools/bin/../lib/gcc/arm-none-eabi/13.3.1/thumb/v7e-m+fp/hard/crtbegin.o
 *(.init)
 .init          0x0800f1b8        0x4 E:/STM32CubeIDE_2.0.0/STM32CubeIDE/plugins/com.st.stm32cube.ide.mcu.externaltools.gnu-tools-for-stm32.13.3.rel1.win32_1.0.100.202509120712/tools/bin/../lib/gcc/arm-none-eabi/13.3.1/thumb/v7e-m+fp/hard/crti.o
                0x0800f1b8                _init
 .init          0x0800f1bc        0x8 E:/STM32CubeIDE_2.0.0/STM32CubeIDE/plugins/com.st.stm32cube.ide.mcu.externaltools.gnu-tools-for-stm32.13.3.rel1.win32_1.0.100.202509120712/tools/bin/../lib/gcc/arm-none-eabi/13.3.1/thumb/v7e-m+fp/hard/crtn.o
 *(.fini)
 .fini          0x0800f1c4        0x4 E:/STM32CubeIDE_2.0.0/STM32CubeIDE/plugins/com.st.stm32cube.ide.mcu.externaltools.gnu-tools-for-stm32.13.3.rel1.win32_1.0.100.202509120712/tools/bin/../lib/gcc/arm-none-eabi/13.3.1/thumb/v7e-m+fp/hard/crti.o
                0x0800f1c4                _fini
 .fini          0x0800f1c8        0x8 E:/STM32CubeIDE_2.0.0/STM32CubeIDE/plugins/com.st.stm32cube.ide.mcu.externaltools.gnu-tools-for-stm32.13.3.rel1.win32_1.0.100.202509120712/tools/bin/../lib/gcc/arm-none-eabi/13.3.1/thumb/v7e-m+fp/hard/crtn.o
                0x0800f1d0                        . = ALIGN (0x4)
                0x0800f1d0                        _etext = .

.vfp11_veneer   0x0800f1d0        0x0
 .vfp11_veneer  0x0800f1d0        0x0 linker stubs

.v4_bx          0x0800f1d0        0x0
 .v4_bx         0x0800f1d0        0x0 linker stubs

.iplt           0x0800f1d0        0x0
 .iplt          0x0800f1d0        0x0 E:/STM32CubeIDE_2.0.0/STM32CubeIDE/plugins/com.st.stm32cube.ide.mcu.externaltools.gnu-tools-for-stm32.13.3.rel1.win32_1.0.100.202509120712/tools/bin/../lib/gcc/arm-none-eabi/13.3.1/thumb/v7e-m+fp/hard/crtbegin.o

.rodata         0x0800f1d0      0x7e4
                0x0800f1d0                        . = ALIGN (0x4)
 *(.rodata)
 .rodata        0x0800f1d0        0x3 ./Core/Src/AHT21.o
 *fill*         0x0800f1d3        0x1 
 .rodata        0x0800f1d4      0x1a3 ./Core/Src/MPU6050_formatted.o
 *fill*         0x0800f377        0x1 
 .rodata        0x0800f378      0x113 ./Core/Src/main.o
 *fill*         0x0800f48b        0x1 
 .rodata        0x0800f48c        0x5 ./Middlewares/Third_Party/FreeRTOS/Source/tasks.o
 *fill*         0x0800f491        0x3 
 .rodata        0x0800f494        0xd ./Middlewares/Third_Party/FreeRTOS/Source/timers.o
 *(.rodata*)
 *fill*         0x0800f4a1        0x3 
 .rodata.task_MPU6050_attributes
                0x0800f4a4       0x24 ./Core/Src/main.o
                0x0800f4a4                task_MPU6050_attributes
 .rodata.task_MAX30102_attributes
                0x0800f4c8       0x24 ./Core/Src/main.o
                0x0800f4c8                task_MAX30102_attributes
 .rodata.task_AHT21_attributes