../Drivers/CMSIS/Include/core_cm4.h:2064:26:ITM_SendChar	16	static,ignoring_inline_asm
../Core/Src/main.c:123:1:__io_putchar	16	static
../Core/Src/main.c:129:5:_write	32	static
../Core/Src/main.c:144:5:main	8	static
../Core/Src/main.c:260:6:SystemClock_Config	88	static
../Core/Src/main.c:306:13:MX_I2C1_Init	8	static
../Core/Src/main.c:340:13:MX_USART2_UART_Init	8	static
../Core/Src/main.c:373:13:MX_GPIO_Init	48	static
../Core/Src/main.c:422:6:StartDefaultTask	16	static
../Core/Src/main.c:444:6:StartTask02	48	static
../Core/Src/main.c:492:6:StartTask03	16	static
../Core/Src/main.c:515:6:StartTask04	160	static
../Core/Src/main.c:590:6:HAL_TIM_PeriodElapsedCallback	16	static
../Core/Src/main.c:608:6:Error_Handler	4	static,ignoring_inline_asm
