../Drivers/CMSIS/Include/core_cm4.h:2064:26:ITM_SendChar	16	static,ignoring_inline_asm
../Core/Src/main.c:131:1:__io_putchar	16	static
../Core/Src/main.c:137:5:_write	32	static
../Core/Src/main.c:152:5:main	8	static
../Core/Src/main.c:270:6:SystemClock_Config	88	static
../Core/Src/main.c:316:13:MX_I2C1_Init	8	static
../Core/Src/main.c:350:13:MX_USART2_UART_Init	8	static
../Core/Src/main.c:383:13:MX_GPIO_Init	48	static
../Core/Src/main.c:432:6:StartDefaultTask	16	static
../Core/Src/main.c:454:6:StartTask02	48	static
../Core/Src/main.c:502:6:StartTask03	16	static
../Core/Src/main.c:525:6:StartTask04	112	static
../Core/Src/main.c:579:6:StartTask05	88	static
../Core/Src/main.c:634:6:HAL_TIM_PeriodElapsedCallback	16	static
../Core/Src/main.c:652:6:Error_Handler	4	static,ignoring_inline_asm
