../Core/Src/MPU6050_formatted.c:34:26:MPU6050_WriteReg	32	static
../Core/Src/MPU6050_formatted.c:45:26:MPU6050_WriteRegs	32	static
../Core/Src/MPU6050_formatted.c:56:26:MPU6050_ReadReg	32	static
../Core/Src/MPU6050_formatted.c:67:26:MPU6050_ReadRegs	32	static
../Core/Src/MPU6050_formatted.c:82:6:MPU6050_Writebyte	16	static
../Core/Src/MPU6050_formatted.c:87:6:MPU6050_Writebytes	16	static
../Core/Src/MPU6050_formatted.c:92:6:MPU6050_Readbyte	16	static
../Core/Src/MPU6050_formatted.c:97:6:MPU6050_Readbytes	16	static
../Core/Src/MPU6050_formatted.c:105:6:MPU6050_Initialization	32	static
../Core/Src/MPU6050_formatted.c:201:6:MPU6050_Get6AxisRawData	32	static
../Core/Src/MPU6050_formatted.c:217:6:MPU6050_Get_LSB_Sensitivity	16	static
../Core/Src/MPU6050_formatted.c:239:6:MPU6050_DataConvert	16	static
../Core/Src/MPU6050_formatted.c:253:5:MPU6050_DataReady	8	static
../Core/Src/MPU6050_formatted.c:259:6:MPU6050_ProcessData	16	static
